-------------------------------------------------------------------------------
      name:  <unnamed>
       log:  /workspace/logs/2017_healthcare_use.log
  log type:  text
 opened on:   9 Feb 2023, 22:10:42

. cap file close tablecontent

. **Creates output file for each year (`dataset')
. file open tablecontent using ./output/`dataset'_healthcare_use.csv, write tex
> t replace
(note: file ./output/2017_healthcare_use.csv not found)

. **Column headings
. *Measures of each outcome by month
. *Column n_`dataset' is the total number in each CKD group as of the beginning
>  of April of each year
. file write tablecontent _tab _tab ("n_`dataset'") _tab ("April") _tab ("May")
>  _tab ("June") _tab ("July") _tab ("August") _tab ("September") _tab ("Octobe
> r") _tab ("November") _tab ("December") _tab ("January") _tab ("February") _t
> ab ("March") _n(2)

. use ./output/`dataset'_ckd_complete.dta, clear

. 
. **For code development from dummy data
. /*
> cap file close tablecontent
> file open tablecontent using ./output/2017_healthcare_use.csv, write text rep
> lace
> file write tablecontent _tab _tab ("n_2017'") _tab ("April") _tab ("May") _ta
> b ("June") _tab ("July") _tab ("August") _tab ("September") _tab ("October") 
> _tab ("November") _tab ("December") _tab ("January") _tab ("February") _tab (
> "March") _n(2)
> use ./output/2017_ckd_complete.dta, clear
> */
. 
. qui safecount

. local baseline_ckd = round(r(N),5)

. foreach binary of varlist m4_admitted_patients m5_admitted_patients m6_admitt
> ed_patients m7_admitted_patients m8_admitted_patients m9_admitted_patients m1
> 0_admitted_patients m11_admitted_patients m12_admitted_patients m1_admitted_p
> atients m2_admitted_patients m3_admitted_patients m4_fistula_formation m5_fis
> tula_formation m6_fistula_formation m7_fistula_formation m8_fistula_formation
>  m9_fistula_formation m10_fistula_formation m11_fistula_formation m12_fistula
> _formation m1_fistula_formation m2_fistula_formation m3_fistula_formation m4_
> pd_insertion m5_pd_insertion m6_pd_insertion m7_pd_insertion m8_pd_insertion 
> m9_pd_insertion m10_pd_insertion m11_pd_insertion m12_pd_insertion m1_pd_inse
> rtion m2_pd_insertion m3_pd_insertion m4_critical_care_patients m5_critical_c
> are_patients m6_critical_care_patients m7_critical_care_patients m8_critical_
> care_patients m9_critical_care_patients m10_critical_care_patients m11_critic
> al_care_patients m12_critical_care_patients m1_critical_care_patients m2_crit
> ical_care_patients m3_critical_care_patients m4_blood_pressure m5_blood_press
> ure m6_blood_pressure m7_blood_pressure m8_blood_pressure m9_blood_pressure m
> 10_blood_pressure m11_blood_pressure m12_blood_pressure m1_blood_pressure m2_
> blood_pressure m3_blood_pressure m4_albuminuria m5_albuminuria m6_albuminuria
>  m7_albuminuria m8_albuminuria m9_albuminuria m10_albuminuria m11_albuminuria
>  m12_albuminuria m1_albuminuria m2_albuminuria m3_albuminuria m4_creatinine m
> 5_creatinine m6_creatinine m7_creatinine m8_creatinine m9_creatinine m10_crea
> tinine m11_creatinine m12_creatinine m1_creatinine m2_creatinine m3_creatinin
> e {
  2. *Number of people in each CKD group coded for each binary measure each mon
> th
. qui safecount if `binary'==1
  3. local ckd_`binary' = round(r(N),5)
  4. }

. foreach aggregate of varlist m4_hospital_days m5_hospital_days m6_hospital_da
> ys m7_hospital_days m8_hospital_days m9_hospital_days m10_hospital_days m11_h
> ospital_days m12_hospital_days m1_hospital_days m2_hospital_days m3_hospital_
> days m4_critical_care_days m5_critical_care_days m6_critical_care_days m7_cri
> tical_care_days m8_critical_care_days m9_critical_care_days m10_critical_care
> _days m11_critical_care_days m12_critical_care_days m1_critical_care_days m2_
> critical_care_days m3_critical_care_days m4_emergency_days m5_emergency_days 
> m6_emergency_days m7_emergency_days m8_emergency_days m9_emergency_days m10_e
> mergency_days m11_emergency_days m12_emergency_days m1_emergency_days m2_emer
> gency_days m3_emergency_days m4_op_appts m5_op_appts m6_op_appts m7_op_appts 
> m8_op_appts m9_op_appts m10_op_appts m11_op_appts m12_op_appts m1_op_appts m2
> _op_appts m3_op_appts m4_neph_appts m5_neph_appts m6_neph_appts m7_neph_appts
>  m8_neph_appts m9_neph_appts m10_neph_appts m11_neph_appts m12_neph_appts m1_
> neph_appts m2_neph_appts m3_neph_appts m4_tx_appts m5_tx_appts m6_tx_appts m7
> _tx_appts m8_tx_appts m9_tx_appts m10_tx_appts m11_tx_appts m12_tx_appts m1_t
> x_appts m2_tx_appts m3_tx_appts m4_gp_interactions m5_gp_interactions m6_gp_i
> nteractions m7_gp_interactions m8_gp_interactions m9_gp_interactions m10_gp_i
> nteractions m11_gp_interactions m12_gp_interactions m1_gp_interactions m2_gp_
> interactions m3_gp_interactions {
  2. qui su overall_`aggregate'
  3. local ckd_`aggregate' = r(mean)
  4. }

. 
. file write tablecontent ("All CKD groups") _tab _tab (`baseline_ckd') _n

. file write tablecontent _tab ("Hospital days") _tab _tab (`ckd_m4_hospital_da
> ys') _tab (`ckd_m5_hospital_days') _tab (`ckd_m6_hospital_days') _tab (`ckd_m
> 7_hospital_days') _tab (`ckd_m8_hospital_days') _tab (`ckd_m9_hospital_days')
>  _tab (`ckd_m10_hospital_days') _tab (`ckd_m11_hospital_days') _tab (`ckd_m12
> _hospital_days') _tab (`ckd_m1_hospital_days') _tab (`ckd_m2_hospital_days') 
> _tab (`ckd_m3_hospital_days') _n

. file write tablecontent _tab ("Hospitalised patients") _tab _tab (`ckd_m4_adm
> itted_patients') _tab (`ckd_m5_admitted_patients') _tab (`ckd_m6_admitted_pat
> ients') _tab (`ckd_m7_admitted_patients') _tab (`ckd_m8_admitted_patients') _
> tab (`ckd_m9_admitted_patients') _tab (`ckd_m10_admitted_patients') _tab (`ck
> d_m11_admitted_patients') _tab (`ckd_m12_admitted_patients') _tab (`ckd_m1_ad
> mitted_patients') _tab (`ckd_m2_admitted_patients') _tab (`ckd_m3_admitted_pa
> tients') _n

. file write tablecontent _tab ("AVF formations") _tab _tab (`ckd_m4_fistula_fo
> rmation') _tab (`ckd_m5_fistula_formation') _tab (`ckd_m6_fistula_formation')
>  _tab (`ckd_m7_fistula_formation') _tab (`ckd_m8_fistula_formation') _tab (`c
> kd_m9_fistula_formation') _tab (`ckd_m10_fistula_formation') _tab (`ckd_m11_f
> istula_formation') _tab (`ckd_m12_fistula_formation') _tab (`ckd_m1_fistula_f
> ormation') _tab (`ckd_m2_fistula_formation') _tab (`ckd_m3_fistula_formation'
> ) _n

. file write tablecontent _tab ("PD insertions") _tab _tab (`ckd_m4_pd_insertio
> n') _tab (`ckd_m5_pd_insertion') _tab (`ckd_m6_pd_insertion') _tab (`ckd_m7_p
> d_insertion') _tab (`ckd_m8_pd_insertion') _tab (`ckd_m9_pd_insertion') _tab 
> (`ckd_m10_pd_insertion') _tab (`ckd_m11_pd_insertion') _tab (`ckd_m12_pd_inse
> rtion') _tab (`ckd_m1_pd_insertion') _tab (`ckd_m2_pd_insertion') _tab (`ckd_
> m3_pd_insertion') _n

. file write tablecontent _tab ("ICU days") _tab _tab (`ckd_m4_critical_care_da
> ys') _tab (`ckd_m5_critical_care_days') _tab (`ckd_m6_critical_care_days') _t
> ab (`ckd_m7_critical_care_days') _tab (`ckd_m8_critical_care_days') _tab (`ck
> d_m9_critical_care_days') _tab (`ckd_m10_critical_care_days') _tab (`ckd_m11_
> critical_care_days') _tab (`ckd_m12_critical_care_days') _tab (`ckd_m1_critic
> al_care_days') _tab (`ckd_m2_critical_care_days') _tab (`ckd_m3_critical_care
> _days') _n

. file write tablecontent _tab ("ICU patients") _tab _tab (`ckd_m4_critical_car
> e_patients') _tab (`ckd_m5_critical_care_patients') _tab (`ckd_m6_critical_ca
> re_patients') _tab (`ckd_m7_critical_care_patients') _tab (`ckd_m8_critical_c
> are_patients') _tab (`ckd_m9_critical_care_patients') _tab (`ckd_m10_critical
> _care_patients') _tab (`ckd_m11_critical_care_patients') _tab (`ckd_m12_criti
> cal_care_patients') _tab (`ckd_m1_critical_care_patients') _tab (`ckd_m2_crit
> ical_care_patients') _tab (`ckd_m3_critical_care_patients') _n

. file write tablecontent _tab ("ED days") _tab _tab (`ckd_m4_emergency_days') 
> _tab (`ckd_m5_emergency_days') _tab (`ckd_m6_emergency_days') _tab (`ckd_m7_e
> mergency_days') _tab (`ckd_m8_emergency_days') _tab (`ckd_m9_emergency_days')
>  _tab (`ckd_m10_emergency_days') _tab (`ckd_m11_emergency_days') _tab (`ckd_m
> 12_emergency_days') _tab (`ckd_m1_emergency_days') _tab (`ckd_m2_emergency_da
> ys') _tab (`ckd_m3_emergency_days') _n

. file write tablecontent _tab ("OPD appts") _tab _tab (`ckd_m4_op_appts') _tab
>  (`ckd_m5_op_appts') _tab (`ckd_m6_op_appts') _tab (`ckd_m7_op_appts') _tab (
> `ckd_m8_op_appts') _tab (`ckd_m9_op_appts') _tab (`ckd_m10_op_appts') _tab (`
> ckd_m11_op_appts') _tab (`ckd_m12_op_appts') _tab (`ckd_m1_op_appts') _tab (`
> ckd_m2_op_appts') _tab (`ckd_m3_op_appts') _n

. file write tablecontent _tab ("Neph appts") _tab _tab (`ckd_m4_neph_appts') _
> tab (`ckd_m5_neph_appts') _tab (`ckd_m6_neph_appts') _tab (`ckd_m7_neph_appts
> ') _tab (`ckd_m8_neph_appts') _tab (`ckd_m9_neph_appts') _tab (`ckd_m10_neph_
> appts') _tab (`ckd_m11_neph_appts') _tab (`ckd_m12_neph_appts') _tab (`ckd_m1
> _neph_appts') _tab (`ckd_m2_neph_appts') _tab (`ckd_m3_neph_appts') _n

. file write tablecontent _tab ("Tx appts") _tab _tab (`ckd_m4_tx_appts') _tab 
> (`ckd_m5_tx_appts') _tab (`ckd_m6_tx_appts') _tab (`ckd_m7_tx_appts') _tab (`
> ckd_m8_tx_appts') _tab (`ckd_m9_tx_appts') _tab (`ckd_m10_tx_appts') _tab (`c
> kd_m11_tx_appts') _tab (`ckd_m12_tx_appts') _tab (`ckd_m1_tx_appts') _tab (`c
> kd_m2_tx_appts') _tab (`ckd_m3_tx_appts') _n

. file write tablecontent _tab ("GP interactions") _tab _tab (`ckd_m4_gp_intera
> ctions') _tab (`ckd_m5_gp_interactions') _tab (`ckd_m6_gp_interactions') _tab
>  (`ckd_m7_gp_interactions') _tab (`ckd_m8_gp_interactions') _tab (`ckd_m9_gp_
> interactions') _tab (`ckd_m10_gp_interactions') _tab (`ckd_m11_gp_interaction
> s') _tab (`ckd_m12_gp_interactions') _tab (`ckd_m1_gp_interactions') _tab (`c
> kd_m2_gp_interactions') _tab (`ckd_m3_gp_interactions') _n

. file write tablecontent _tab ("BP patients") _tab _tab (`ckd_m4_blood_pressur
> e') _tab (`ckd_m5_blood_pressure') _tab (`ckd_m6_blood_pressure') _tab (`ckd_
> m7_blood_pressure') _tab (`ckd_m8_blood_pressure') _tab (`ckd_m9_blood_pressu
> re') _tab (`ckd_m10_blood_pressure') _tab (`ckd_m11_blood_pressure') _tab (`c
> kd_m12_blood_pressure') _tab (`ckd_m1_blood_pressure') _tab (`ckd_m2_blood_pr
> essure') _tab (`ckd_m3_blood_pressure') _n

. file write tablecontent _tab ("uACR patients") _tab _tab (`ckd_m4_albuminuria
> ') _tab (`ckd_m5_albuminuria') _tab (`ckd_m6_albuminuria') _tab (`ckd_m7_albu
> minuria') _tab (`ckd_m8_albuminuria') _tab (`ckd_m9_albuminuria') _tab (`ckd_
> m10_albuminuria') _tab (`ckd_m11_albuminuria') _tab (`ckd_m12_albuminuria') _
> tab (`ckd_m1_albuminuria') _tab (`ckd_m2_albuminuria') _tab (`ckd_m3_albuminu
> ria') _n

. file write tablecontent _tab ("SCr patients") _tab _tab (`ckd_m4_creatinine')
>  _tab (`ckd_m5_creatinine') _tab (`ckd_m6_creatinine') _tab (`ckd_m7_creatini
> ne') _tab (`ckd_m8_creatinine') _tab (`ckd_m9_creatinine') _tab (`ckd_m10_cre
> atinine') _tab (`ckd_m11_creatinine') _tab (`ckd_m12_creatinine') _tab (`ckd_
> m1_creatinine') _tab (`ckd_m2_creatinine') _tab (`ckd_m3_creatinine') _n(2)

. 
. 
. **Extract healthcare use measures by CKD group
. *CKD group categories:
. *1 = eGFR >60 with albuminuria
. *2 = CKD 3A
. *3 = CKD 4/5 without kidney replacement therapy
. *4 = Dialysis
. *5 = Kidney transplant
. *6 = Kidney replacement therapy unknown modality
. forvalues cat = 1/6 {
  2. *Disclosure minimisation:
. *safecount provides a count with any counts <=5 returned at "<=5"
. *round(r(N),5) rounds counts to the nearest 5 with any counts <=5 returned as
>  "."
. qui safecount if ckd_group==`cat'
  3. local baseline_ckd`cat' = round(r(N),5)
  4. *Monthly resources measures through financial year:
. *m4 = April, m5 = May... m1 = January of subsequent year
. foreach binary of varlist m4_admitted_patients m5_admitted_patients m6_admitt
> ed_patients m7_admitted_patients m8_admitted_patients m9_admitted_patients m1
> 0_admitted_patients m11_admitted_patients m12_admitted_patients m1_admitted_p
> atients m2_admitted_patients m3_admitted_patients m4_fistula_formation m5_fis
> tula_formation m6_fistula_formation m7_fistula_formation m8_fistula_formation
>  m9_fistula_formation m10_fistula_formation m11_fistula_formation m12_fistula
> _formation m1_fistula_formation m2_fistula_formation m3_fistula_formation m4_
> pd_insertion m5_pd_insertion m6_pd_insertion m7_pd_insertion m8_pd_insertion 
> m9_pd_insertion m10_pd_insertion m11_pd_insertion m12_pd_insertion m1_pd_inse
> rtion m2_pd_insertion m3_pd_insertion m4_critical_care_patients m5_critical_c
> are_patients m6_critical_care_patients m7_critical_care_patients m8_critical_
> care_patients m9_critical_care_patients m10_critical_care_patients m11_critic
> al_care_patients m12_critical_care_patients m1_critical_care_patients m2_crit
> ical_care_patients m3_critical_care_patients m4_blood_pressure m5_blood_press
> ure m6_blood_pressure m7_blood_pressure m8_blood_pressure m9_blood_pressure m
> 10_blood_pressure m11_blood_pressure m12_blood_pressure m1_blood_pressure m2_
> blood_pressure m3_blood_pressure m4_albuminuria m5_albuminuria m6_albuminuria
>  m7_albuminuria m8_albuminuria m9_albuminuria m10_albuminuria m11_albuminuria
>  m12_albuminuria m1_albuminuria m2_albuminuria m3_albuminuria m4_creatinine m
> 5_creatinine m6_creatinine m7_creatinine m8_creatinine m9_creatinine m10_crea
> tinine m11_creatinine m12_creatinine m1_creatinine m2_creatinine m3_creatinin
> e {
  5. *Number of people in each CKD group coded for each binary measure each mon
> th
. qui safecount if ckd_group==`cat' & `binary'==1
  6. local ckd`cat'_`binary' = round(r(N),5)
  7. }
  8. foreach aggregate of varlist m4_hospital_days m5_hospital_days m6_hospital
> _days m7_hospital_days m8_hospital_days m9_hospital_days m10_hospital_days m1
> 1_hospital_days m12_hospital_days m1_hospital_days m2_hospital_days m3_hospit
> al_days m4_critical_care_days m5_critical_care_days m6_critical_care_days m7_
> critical_care_days m8_critical_care_days m9_critical_care_days m10_critical_c
> are_days m11_critical_care_days m12_critical_care_days m1_critical_care_days 
> m2_critical_care_days m3_critical_care_days m4_emergency_days m5_emergency_da
> ys m6_emergency_days m7_emergency_days m8_emergency_days m9_emergency_days m1
> 0_emergency_days m11_emergency_days m12_emergency_days m1_emergency_days m2_e
> mergency_days m3_emergency_days m4_op_appts m5_op_appts m6_op_appts m7_op_app
> ts m8_op_appts m9_op_appts m10_op_appts m11_op_appts m12_op_appts m1_op_appts
>  m2_op_appts m3_op_appts m4_neph_appts m5_neph_appts m6_neph_appts m7_neph_ap
> pts m8_neph_appts m9_neph_appts m10_neph_appts m11_neph_appts m12_neph_appts 
> m1_neph_appts m2_neph_appts m3_neph_appts m4_tx_appts m5_tx_appts m6_tx_appts
>  m7_tx_appts m8_tx_appts m9_tx_appts m10_tx_appts m11_tx_appts m12_tx_appts m
> 1_tx_appts m2_tx_appts m3_tx_appts m4_gp_interactions m5_gp_interactions m6_g
> p_interactions m7_gp_interactions m8_gp_interactions m9_gp_interactions m10_g
> p_interactions m11_gp_interactions m12_gp_interactions m1_gp_interactions m2_
> gp_interactions m3_gp_interactions {
  9. qui su total_`aggregate' if ckd_group==`cat'
 10. local ckd`cat'_`aggregate' = r(mean)
 11. }
 12. 
. local lab1: label ckd_group 1
 13. local lab2: label ckd_group 2
 14. local lab3: label ckd_group 3
 15. local lab4: label ckd_group 4
 16. local lab5: label ckd_group 5
 17. local lab6: label ckd_group 6
 18. 
. **Populate table for each CKD group with redacted counts
. file write tablecontent ("`lab`cat''") _tab _tab (`baseline_ckd`cat'') _n
 19. file write tablecontent _tab ("Hospital days") _tab _tab (`ckd`cat'_m4_hos
> pital_days') _tab (`ckd`cat'_m5_hospital_days') _tab (`ckd`cat'_m6_hospital_d
> ays') _tab (`ckd`cat'_m7_hospital_days') _tab (`ckd`cat'_m8_hospital_days') _
> tab (`ckd`cat'_m9_hospital_days') _tab (`ckd`cat'_m10_hospital_days') _tab (`
> ckd`cat'_m11_hospital_days') _tab (`ckd`cat'_m12_hospital_days') _tab (`ckd`c
> at'_m1_hospital_days') _tab (`ckd`cat'_m2_hospital_days') _tab (`ckd`cat'_m3_
> hospital_days') _n
 20. file write tablecontent _tab ("Hospitalised patients") _tab _tab (`ckd`cat
> '_m4_admitted_patients') _tab (`ckd`cat'_m5_admitted_patients') _tab (`ckd`ca
> t'_m6_admitted_patients') _tab (`ckd`cat'_m7_admitted_patients') _tab (`ckd`c
> at'_m8_admitted_patients') _tab (`ckd`cat'_m9_admitted_patients') _tab (`ckd`
> cat'_m10_admitted_patients') _tab (`ckd`cat'_m11_admitted_patients') _tab (`c
> kd`cat'_m12_admitted_patients') _tab (`ckd`cat'_m1_admitted_patients') _tab (
> `ckd`cat'_m2_admitted_patients') _tab (`ckd`cat'_m3_admitted_patients') _n
 21. file write tablecontent _tab ("AVF formations") _tab _tab (`ckd`cat'_m4_fi
> stula_formation') _tab (`ckd`cat'_m5_fistula_formation') _tab (`ckd`cat'_m6_f
> istula_formation') _tab (`ckd`cat'_m7_fistula_formation') _tab (`ckd`cat'_m8_
> fistula_formation') _tab (`ckd`cat'_m9_fistula_formation') _tab (`ckd`cat'_m1
> 0_fistula_formation') _tab (`ckd`cat'_m11_fistula_formation') _tab (`ckd`cat'
> _m12_fistula_formation') _tab (`ckd`cat'_m1_fistula_formation') _tab (`ckd`ca
> t'_m2_fistula_formation') _tab (`ckd`cat'_m3_fistula_formation') _n
 22. file write tablecontent _tab ("PD insertions") _tab _tab (`ckd`cat'_m4_pd_
> insertion') _tab (`ckd`cat'_m5_pd_insertion') _tab (`ckd`cat'_m6_pd_insertion
> ') _tab (`ckd`cat'_m7_pd_insertion') _tab (`ckd`cat'_m8_pd_insertion') _tab (
> `ckd`cat'_m9_pd_insertion') _tab (`ckd`cat'_m10_pd_insertion') _tab (`ckd`cat
> '_m11_pd_insertion') _tab (`ckd`cat'_m12_pd_insertion') _tab (`ckd`cat'_m1_pd
> _insertion') _tab (`ckd`cat'_m2_pd_insertion') _tab (`ckd`cat'_m3_pd_insertio
> n') _n
 23. file write tablecontent _tab ("ICU days") _tab _tab (`ckd`cat'_m4_critical
> _care_days') _tab (`ckd`cat'_m5_critical_care_days') _tab (`ckd`cat'_m6_criti
> cal_care_days') _tab (`ckd`cat'_m7_critical_care_days') _tab (`ckd`cat'_m8_cr
> itical_care_days') _tab (`ckd`cat'_m9_critical_care_days') _tab (`ckd`cat'_m1
> 0_critical_care_days') _tab (`ckd`cat'_m11_critical_care_days') _tab (`ckd`ca
> t'_m12_critical_care_days') _tab (`ckd`cat'_m1_critical_care_days') _tab (`ck
> d`cat'_m2_critical_care_days') _tab (`ckd`cat'_m3_critical_care_days') _n
 24. file write tablecontent _tab ("ICU patients") _tab _tab (`ckd`cat'_m4_crit
> ical_care_patients') _tab (`ckd`cat'_m5_critical_care_patients') _tab (`ckd`c
> at'_m6_critical_care_patients') _tab (`ckd`cat'_m7_critical_care_patients') _
> tab (`ckd`cat'_m8_critical_care_patients') _tab (`ckd`cat'_m9_critical_care_p
> atients') _tab (`ckd`cat'_m10_critical_care_patients') _tab (`ckd`cat'_m11_cr
> itical_care_patients') _tab (`ckd`cat'_m12_critical_care_patients') _tab (`ck
> d`cat'_m1_critical_care_patients') _tab (`ckd`cat'_m2_critical_care_patients'
> ) _tab (`ckd`cat'_m3_critical_care_patients') _n
 25. file write tablecontent _tab ("ED days") _tab _tab (`ckd`cat'_m4_emergency
> _days') _tab (`ckd`cat'_m5_emergency_days') _tab (`ckd`cat'_m6_emergency_days
> ') _tab (`ckd`cat'_m7_emergency_days') _tab (`ckd`cat'_m8_emergency_days') _t
> ab (`ckd`cat'_m9_emergency_days') _tab (`ckd`cat'_m10_emergency_days') _tab (
> `ckd`cat'_m11_emergency_days') _tab (`ckd`cat'_m12_emergency_days') _tab (`ck
> d`cat'_m1_emergency_days') _tab (`ckd`cat'_m2_emergency_days') _tab (`ckd`cat
> '_m3_emergency_days') _n
 26. file write tablecontent _tab ("OPD appts") _tab _tab (`ckd`cat'_m4_op_appt
> s') _tab (`ckd`cat'_m5_op_appts') _tab (`ckd`cat'_m6_op_appts') _tab (`ckd`ca
> t'_m7_op_appts') _tab (`ckd`cat'_m8_op_appts') _tab (`ckd`cat'_m9_op_appts') 
> _tab (`ckd`cat'_m10_op_appts') _tab (`ckd`cat'_m11_op_appts') _tab (`ckd`cat'
> _m12_op_appts') _tab (`ckd`cat'_m1_op_appts') _tab (`ckd`cat'_m2_op_appts') _
> tab (`ckd`cat'_m3_op_appts') _n
 27. file write tablecontent _tab ("Neph appts") _tab _tab (`ckd`cat'_m4_neph_a
> ppts') _tab (`ckd`cat'_m5_neph_appts') _tab (`ckd`cat'_m6_neph_appts') _tab (
> `ckd`cat'_m7_neph_appts') _tab (`ckd`cat'_m8_neph_appts') _tab (`ckd`cat'_m9_
> neph_appts') _tab (`ckd`cat'_m10_neph_appts') _tab (`ckd`cat'_m11_neph_appts'
> ) _tab (`ckd`cat'_m12_neph_appts') _tab (`ckd`cat'_m1_neph_appts') _tab (`ckd
> `cat'_m2_neph_appts') _tab (`ckd`cat'_m3_neph_appts') _n
 28. file write tablecontent _tab ("Tx appts") _tab _tab (`ckd`cat'_m4_tx_appts
> ') _tab (`ckd`cat'_m5_tx_appts') _tab (`ckd`cat'_m6_tx_appts') _tab (`ckd`cat
> '_m7_tx_appts') _tab (`ckd`cat'_m8_tx_appts') _tab (`ckd`cat'_m9_tx_appts') _
> tab (`ckd`cat'_m10_tx_appts') _tab (`ckd`cat'_m11_tx_appts') _tab (`ckd`cat'_
> m12_tx_appts') _tab (`ckd`cat'_m1_tx_appts') _tab (`ckd`cat'_m2_tx_appts') _t
> ab (`ckd`cat'_m3_tx_appts') _n
 29. file write tablecontent _tab ("GP interactions") _tab _tab (`ckd`cat'_m4_g
> p_interactions') _tab (`ckd`cat'_m5_gp_interactions') _tab (`ckd`cat'_m6_gp_i
> nteractions') _tab (`ckd`cat'_m7_gp_interactions') _tab (`ckd`cat'_m8_gp_inte
> ractions') _tab (`ckd`cat'_m9_gp_interactions') _tab (`ckd`cat'_m10_gp_intera
> ctions') _tab (`ckd`cat'_m11_gp_interactions') _tab (`ckd`cat'_m12_gp_interac
> tions') _tab (`ckd`cat'_m1_gp_interactions') _tab (`ckd`cat'_m2_gp_interactio
> ns') _tab (`ckd`cat'_m3_gp_interactions') _n
 30. file write tablecontent _tab ("BP patients") _tab _tab (`ckd`cat'_m4_blood
> _pressure') _tab (`ckd`cat'_m5_blood_pressure') _tab (`ckd`cat'_m6_blood_pres
> sure') _tab (`ckd`cat'_m7_blood_pressure') _tab (`ckd`cat'_m8_blood_pressure'
> ) _tab (`ckd`cat'_m9_blood_pressure') _tab (`ckd`cat'_m10_blood_pressure') _t
> ab (`ckd`cat'_m11_blood_pressure') _tab (`ckd`cat'_m12_blood_pressure') _tab 
> (`ckd`cat'_m1_blood_pressure') _tab (`ckd`cat'_m2_blood_pressure') _tab (`ckd
> `cat'_m3_blood_pressure') _n
 31. file write tablecontent _tab ("uACR patients") _tab _tab (`ckd`cat'_m4_alb
> uminuria') _tab (`ckd`cat'_m5_albuminuria') _tab (`ckd`cat'_m6_albuminuria') 
> _tab (`ckd`cat'_m7_albuminuria') _tab (`ckd`cat'_m8_albuminuria') _tab (`ckd`
> cat'_m9_albuminuria') _tab (`ckd`cat'_m10_albuminuria') _tab (`ckd`cat'_m11_a
> lbuminuria') _tab (`ckd`cat'_m12_albuminuria') _tab (`ckd`cat'_m1_albuminuria
> ') _tab (`ckd`cat'_m2_albuminuria') _tab (`ckd`cat'_m3_albuminuria') _n
 32. file write tablecontent _tab ("SCr patients") _tab _tab (`ckd`cat'_m4_crea
> tinine') _tab (`ckd`cat'_m5_creatinine') _tab (`ckd`cat'_m6_creatinine') _tab
>  (`ckd`cat'_m7_creatinine') _tab (`ckd`cat'_m8_creatinine') _tab (`ckd`cat'_m
> 9_creatinine') _tab (`ckd`cat'_m10_creatinine') _tab (`ckd`cat'_m11_creatinin
> e') _tab (`ckd`cat'_m12_creatinine') _tab (`ckd`cat'_m1_creatinine') _tab (`c
> kd`cat'_m2_creatinine') _tab (`ckd`cat'_m3_creatinine') _n(2)
 33. }

. file close tablecontent

. 
. 
. **Redact counts of 0 from each column in table (adapted from code by Emily He
> rrett)
. import delimited ./output/`dataset'_healthcare_use.csv, clear
(15 vars, 105 obs)

. local columns " "n_`dataset'" "april" "may" "june" "july" "august" "september
> " "october" "november" "december" "january" "february" "march" "april" "

. foreach col in `columns' {
  2. replace `col'=. if `col'<=5
  3. }
(0 real changes made)
(13 real changes made, 13 to missing)
(11 real changes made, 11 to missing)
(11 real changes made, 11 to missing)
(11 real changes made, 11 to missing)
(16 real changes made, 16 to missing)
(14 real changes made, 14 to missing)
(15 real changes made, 15 to missing)
(15 real changes made, 15 to missing)
(18 real changes made, 18 to missing)
(12 real changes made, 12 to missing)
(12 real changes made, 12 to missing)
(10 real changes made, 10 to missing)
(0 real changes made)

. export delimited "./output/`dataset'_healthcare_use.csv", replace
(note: file ./output/2017_healthcare_use.csv not found)
file ./output/2017_healthcare_use.csv saved

. /*
> import delimited ./output/2017_healthcare_use.csv, clear
> local columns " "n_2017" "april" "may" "june" "july" "august" "september" "oc
> tober" "november" "december" "january" "february" "march" "april" "
> foreach col in `columns' {
> replace `col'=. if `col'<=5
> }
> export delimited "./output/2017_healthcare_use.csv", replace
> */
. 
end of do-file

. . file open output using "/tmp/healthcare_use.do.H2cM.out", write text replac
> e

. . file write output "success" 

. . file close output

. 
end of do-file


