-----------------------------------------------------------------------------------------------------------------------------------------------------------------------------------------------------------------
      name:  <unnamed>
       log:  C:\Users\lsh1703468\Documents\repo\ckd-healthcare-use\logs/weighted_healthcare_use_albuminuria.log
  log type:  text
 opened on:  16 Jun 2024, 17:05:47

. cap file close tablecontent

. **Creates output file for each year (`dataset')
. file open tablecontent using ./output/weighted_healthcare_use_albuminuria.csv, write text replace
(file ./output/weighted_healthcare_use_albuminuria.csv not found)

. **Column headings
. *Ratios are per 100 patients
. file write tablecontent ("Date") _tab ("stratum") _tab ("ip") _tab ("ip_ll") _tab ("ip_ul") _tab ("icu") _tab ("icu_ll") _tab ("icu_ul") _tab ("ed") _tab ("ed_ll") _tab ("ed_ul") _tab ("opd") _tab ("opd_ll")
>  _tab ("opd_ul") _tab ("neph") _tab ("neph_ll") _tab ("neph_ul") _tab ("gp") _tab ("gp_ll") _tab ("gp_ul") _tab ("bp") _tab ("bp_ll") _tab ("bp_ul") _tab ("uacr") _tab ("uacr_ll") _tab ("uacr_ul") _tab ("scr
> ") _tab ("scr_ll") _tab ("scr_ul") _tab ("icd1") _tab ("icd2") _tab ("icd3") _tab ("icd4") _tab ("icd5") _tab ("icd6") _tab ("icd7") _tab ("icd8") _tab ("icd9") _tab ("icd10") _tab ("icd11") _tab ("icd12") _
> tab ("icd13") _tab ("icd14") _tab ("icd15") _tab ("icd16") _tab ("icd17") _tab ("icd18") _tab ("icd19") _tab ("icd20") _tab ("icd21") _tab ("icd22") _tab ("icd1_ll") _tab ("icd2_ll") _tab ("icd3_ll") _tab ("
> icd4_ll") _tab ("icd5_ll") _tab ("icd6_ll") _tab ("icd7_ll") _tab ("icd8_ll") _tab ("icd9_ll") _tab ("icd10_ll") _tab ("icd11_ll") _tab ("icd12_ll") _tab ("icd13_ll") _tab ("icd14_ll") _tab ("icd15_ll") _tab
>  ("icd16_ll") _tab ("icd17_ll") _tab ("icd18_ll") _tab ("icd19_ll") _tab ("icd20_ll") _tab ("icd21_ll") _tab ("icd22_ll") _tab ("icd1_ul") _tab ("icd2_ul") _tab ("icd3_ul") _tab ("icd4_ul") _tab ("icd5_ul") 
> _tab ("icd6_ul") _tab ("icd7_ul") _tab ("icd8_ul") _tab ("icd9_ul") _tab ("icd10_ul") _tab ("icd11_ul") _tab ("icd12_ul") _tab ("icd13_ul") _tab ("icd14_ul") _tab ("icd15_ul") _tab ("icd16_ul") _tab ("icd17_
> ul") _tab ("icd18_ul") _tab ("icd19_ul") _tab ("icd20_ul") _tab ("icd21_ul") _tab ("icd22_ul") _n

. 
. local year "2017 2018 2019 2020 2021 2022"

. 
. foreach x of local year {
  2. file write tablecontent ("01/04/`x'") _tab ("all") _tab
  3. use ./output/`x'_ckd_complete.dta, clear
  4. drop if ckd_group!=1
  5. total weight
  6. local denom = r(table)[1,1]
  7. 
. foreach outcome of varlist hospital_days critical_care_days emergency_days op_appts neph_appts gp_interactions blood_pressure albuminuria creatinine icd1_days icd2_days icd3_days icd4_days icd5_days icd6_day
> s icd7_days icd8_days icd9_days icd10_days icd11_days icd12_days icd13_days icd14_days icd15_days icd16_days icd17_days icd18_days icd19_days icd20_days icd21_days icd22_days {
  8. qui su std_`outcome'
  9. local `x'_`outcome' = (r(mean)/`denom')*100000
 10. local `x'_`outcome'_ef = exp(1.96 * sqrt(1 / ``x'_`outcome''))
 11. local `x'_`outcome'_ul = ``x'_`outcome'' * ``x'_`outcome'_ef'
 12. local `x'_`outcome'_ll = ``x'_`outcome'' / ``x'_`outcome'_ef'
 13. }
 14. 
. file write tablecontent %10.2f (``x'_hospital_days') _tab %10.2f (``x'_hospital_days_ll') _tab %10.2f (``x'_hospital_days_ul') _tab %10.2f (``x'_critical_care_days') _tab %10.2f (``x'_critical_care_days_ll')
>  _tab %10.2f (``x'_critical_care_days_ul') _tab %10.2f (``x'_emergency_days') _tab %10.2f (``x'_emergency_days_ll') _tab %10.2f (``x'_emergency_days_ul') _tab %10.2f (``x'_op_appts') _tab %10.2f (``x'_op_app
> ts_ll') _tab %10.2f (``x'_op_appts_ul') _tab %10.2f (``x'_neph_appts') _tab %10.2f (``x'_neph_appts_ll') _tab %10.2f (``x'_neph_appts_ul') _tab %10.2f (``x'_gp_interactions') _tab %10.2f (``x'_gp_interaction
> s_ll') _tab %10.2f (``x'_gp_interactions_ul') _tab %10.2f (``x'_blood_pressure') _tab %10.2f (``x'_blood_pressure_ll') _tab %10.2f (``x'_blood_pressure_ul') _tab %10.2f (``x'_albuminuria') _tab %10.2f (``x'_
> albuminuria_ll') _tab %10.2f (``x'_albuminuria_ul') _tab %10.2f (``x'_creatinine') _tab %10.2f (``x'_creatinine_ll') _tab %10.2f (``x'_creatinine_ul') _tab %10.2f (``x'_icd1_days') _tab %10.2f (``x'_icd2_day
> s') _tab %10.2f (``x'_icd3_days') _tab %10.2f (``x'_icd4_days') _tab %10.2f (``x'_icd5_days') _tab %10.2f (``x'_icd6_days') _tab %10.2f (``x'_icd7_days') _tab %10.2f (``x'_icd8_days') _tab %10.2f (``x'_icd9_
> days') _tab %10.2f (``x'_icd10_days') _tab %10.2f (``x'_icd11_days') _tab %10.2f (``x'_icd12_days') _tab %10.2f (``x'_icd13_days') _tab %10.2f (``x'_icd14_days') _tab %10.2f (``x'_icd15_days') _tab %10.2f (`
> `x'_icd16_days') _tab %10.2f (``x'_icd17_days') _tab %10.2f (``x'_icd18_days') _tab %10.2f (``x'_icd19_days') _tab %10.2f (``x'_icd20_days') _tab %10.2f (``x'_icd21_days') _tab %10.2f (``x'_icd22_days') _tab
>  %10.2f (``x'_icd1_days_ll') _tab %10.2f (``x'_icd2_days_ll') _tab %10.2f (``x'_icd3_days_ll') _tab %10.2f (``x'_icd4_days_ll') _tab %10.2f (``x'_icd5_days_ll') _tab %10.2f (``x'_icd6_days_ll') _tab %10.2f (
> ``x'_icd7_days_ll') _tab %10.2f (``x'_icd8_days_ll') _tab %10.2f (``x'_icd9_days_ll') _tab %10.2f (``x'_icd10_days_ll') _tab %10.2f (``x'_icd11_days_ll') _tab %10.2f (``x'_icd12_days_ll') _tab %10.2f (``x'_i
> cd13_days_ll') _tab %10.2f (``x'_icd14_days_ll') _tab %10.2f (``x'_icd15_days_ll') _tab %10.2f (``x'_icd16_days_ll') _tab %10.2f (``x'_icd17_days_ll') _tab %10.2f (``x'_icd18_days_ll') _tab %10.2f (``x'_icd1
> 9_days_ll') _tab %10.2f (``x'_icd20_days_ll') _tab %10.2f (``x'_icd21_days_ll') _tab %10.2f (``x'_icd22_days_ll') _tab %10.2f (``x'_icd1_days_ul') _tab %10.2f (``x'_icd2_days_ul') _tab %10.2f (``x'_icd3_days
> _ul') _tab %10.2f (``x'_icd4_days_ul') _tab %10.2f (``x'_icd5_days_ul') _tab %10.2f (``x'_icd6_days_ul') _tab %10.2f (``x'_icd7_days_ul') _tab %10.2f (``x'_icd8_days_ul') _tab %10.2f (``x'_icd9_days_ul') _ta
> b %10.2f (``x'_icd10_days_ul') _tab %10.2f (``x'_icd11_days_ul') _tab %10.2f (``x'_icd12_days_ul') _tab %10.2f (``x'_icd13_days_ul') _tab %10.2f (``x'_icd14_days_ul') _tab %10.2f (``x'_icd15_days_ul') _tab %
> 10.2f (``x'_icd16_days_ul') _tab %10.2f (``x'_icd17_days_ul') _tab %10.2f (``x'_icd18_days_ul') _tab %10.2f (``x'_icd19_days_ul') _tab %10.2f (``x'_icd20_days_ul') _tab %10.2f (``x'_icd21_days_ul') _tab %10.
> 2f (``x'_icd22_days_ul') _n
 15. }
(1,913 observations deleted)

Total estimation                         Number of obs = 1,296

--------------------------------------------------------------
             |      Total   Std. err.     [95% conf. interval]
-------------+------------------------------------------------
      weight |   94.49422    .640373      93.23794     95.7505
--------------------------------------------------------------
(788 observations deleted)

Total estimation                         Number of obs = 1,289

--------------------------------------------------------------
             |      Total   Std. err.     [95% conf. interval]
-------------+------------------------------------------------
      weight |   94.78666   .6259932      93.55858    96.01474
--------------------------------------------------------------
(1,923 observations deleted)

Total estimation                         Number of obs = 1,316

--------------------------------------------------------------
             |      Total   Std. err.     [95% conf. interval]
-------------+------------------------------------------------
      weight |   96.65406    .619963      95.43783    97.87028
--------------------------------------------------------------
(1,910 observations deleted)

Total estimation                         Number of obs = 1,253

--------------------------------------------------------------
             |      Total   Std. err.     [95% conf. interval]
-------------+------------------------------------------------
      weight |   92.22535   .6139453      91.02088    93.42983
--------------------------------------------------------------
(1,969 observations deleted)

Total estimation                         Number of obs = 1,304

--------------------------------------------------------------
             |      Total   Std. err.     [95% conf. interval]
-------------+------------------------------------------------
      weight |   95.95024   .6227644      94.72851    97.17197
--------------------------------------------------------------
(1,921 observations deleted)

Total estimation                         Number of obs = 1,258

--------------------------------------------------------------
             |      Total   Std. err.     [95% conf. interval]
-------------+------------------------------------------------
      weight |   93.23277   .5952092      92.06505    94.40048
--------------------------------------------------------------

. 
. forvalues i=1/6 {
  2. local label`i': label ethnicity `i'
  3. foreach x of local year {
  4. file write tablecontent ("01/04/`x'") _tab ("`label`i''") _tab
  5. use ./output/`x'_ckd_complete.dta, clear
  6. drop if ckd_group!=1
  7. total weight if ethnicity==`i'
  8. local denom = r(table)[1,1]
  9. 
. foreach outcome of varlist hospital_days critical_care_days emergency_days op_appts neph_appts gp_interactions blood_pressure albuminuria creatinine icd1_days icd2_days icd3_days icd4_days icd5_days icd6_day
> s icd7_days icd8_days icd9_days icd10_days icd11_days icd12_days icd13_days icd14_days icd15_days icd16_days icd17_days icd18_days icd19_days icd20_days icd21_days icd22_days {
 10. qui su ethnicity_`outcome'_ckd if ethnicity==`i' 
 11. local `x'_`outcome' = (r(mean)/`denom')*100000
 12. local `x'_`outcome'_ef = exp(1.96 * sqrt(1 / ``x'_`outcome''))
 13. local `x'_`outcome'_ul = ``x'_`outcome'' * ``x'_`outcome'_ef'
 14. local `x'_`outcome'_ll = ``x'_`outcome'' / ``x'_`outcome'_ef'
 15. }
 16. 
. file write tablecontent %10.2f (``x'_hospital_days') _tab %10.2f (``x'_hospital_days_ll') _tab %10.2f (``x'_hospital_days_ul') _tab %10.2f (``x'_critical_care_days') _tab %10.2f (``x'_critical_care_days_ll')
>  _tab %10.2f (``x'_critical_care_days_ul') _tab %10.2f (``x'_emergency_days') _tab %10.2f (``x'_emergency_days_ll') _tab %10.2f (``x'_emergency_days_ul') _tab %10.2f (``x'_op_appts') _tab %10.2f (``x'_op_app
> ts_ll') _tab %10.2f (``x'_op_appts_ul') _tab %10.2f (``x'_neph_appts') _tab %10.2f (``x'_neph_appts_ll') _tab %10.2f (``x'_neph_appts_ul') _tab %10.2f (``x'_gp_interactions') _tab %10.2f (``x'_gp_interaction
> s_ll') _tab %10.2f (``x'_gp_interactions_ul') _tab %10.2f (``x'_blood_pressure') _tab %10.2f (``x'_blood_pressure_ll') _tab %10.2f (``x'_blood_pressure_ul') _tab %10.2f (``x'_albuminuria') _tab %10.2f (``x'_
> albuminuria_ll') _tab %10.2f (``x'_albuminuria_ul') _tab %10.2f (``x'_creatinine') _tab %10.2f (``x'_creatinine_ll') _tab %10.2f (``x'_creatinine_ul') _tab %10.2f (``x'_icd1_days') _tab %10.2f (``x'_icd2_day
> s') _tab %10.2f (``x'_icd3_days') _tab %10.2f (``x'_icd4_days') _tab %10.2f (``x'_icd5_days') _tab %10.2f (``x'_icd6_days') _tab %10.2f (``x'_icd7_days') _tab %10.2f (``x'_icd8_days') _tab %10.2f (``x'_icd9_
> days') _tab %10.2f (``x'_icd10_days') _tab %10.2f (``x'_icd11_days') _tab %10.2f (``x'_icd12_days') _tab %10.2f (``x'_icd13_days') _tab %10.2f (``x'_icd14_days') _tab %10.2f (``x'_icd15_days') _tab %10.2f (`
> `x'_icd16_days') _tab %10.2f (``x'_icd17_days') _tab %10.2f (``x'_icd18_days') _tab %10.2f (``x'_icd19_days') _tab %10.2f (``x'_icd20_days') _tab %10.2f (``x'_icd21_days') _tab %10.2f (``x'_icd22_days') _tab
>  %10.2f (``x'_icd1_days_ll') _tab %10.2f (``x'_icd2_days_ll') _tab %10.2f (``x'_icd3_days_ll') _tab %10.2f (``x'_icd4_days_ll') _tab %10.2f (``x'_icd5_days_ll') _tab %10.2f (``x'_icd6_days_ll') _tab %10.2f (
> ``x'_icd7_days_ll') _tab %10.2f (``x'_icd8_days_ll') _tab %10.2f (``x'_icd9_days_ll') _tab %10.2f (``x'_icd10_days_ll') _tab %10.2f (``x'_icd11_days_ll') _tab %10.2f (``x'_icd12_days_ll') _tab %10.2f (``x'_i
> cd13_days_ll') _tab %10.2f (``x'_icd14_days_ll') _tab %10.2f (``x'_icd15_days_ll') _tab %10.2f (``x'_icd16_days_ll') _tab %10.2f (``x'_icd17_days_ll') _tab %10.2f (``x'_icd18_days_ll') _tab %10.2f (``x'_icd1
> 9_days_ll') _tab %10.2f (``x'_icd20_days_ll') _tab %10.2f (``x'_icd21_days_ll') _tab %10.2f (``x'_icd22_days_ll') _tab %10.2f (``x'_icd1_days_ul') _tab %10.2f (``x'_icd2_days_ul') _tab %10.2f (``x'_icd3_days
> _ul') _tab %10.2f (``x'_icd4_days_ul') _tab %10.2f (``x'_icd5_days_ul') _tab %10.2f (``x'_icd6_days_ul') _tab %10.2f (``x'_icd7_days_ul') _tab %10.2f (``x'_icd8_days_ul') _tab %10.2f (``x'_icd9_days_ul') _ta
> b %10.2f (``x'_icd10_days_ul') _tab %10.2f (``x'_icd11_days_ul') _tab %10.2f (``x'_icd12_days_ul') _tab %10.2f (``x'_icd13_days_ul') _tab %10.2f (``x'_icd14_days_ul') _tab %10.2f (``x'_icd15_days_ul') _tab %
> 10.2f (``x'_icd16_days_ul') _tab %10.2f (``x'_icd17_days_ul') _tab %10.2f (``x'_icd18_days_ul') _tab %10.2f (``x'_icd19_days_ul') _tab %10.2f (``x'_icd20_days_ul') _tab %10.2f (``x'_icd21_days_ul') _tab %10.
> 2f (``x'_icd22_days_ul') _n
 17. }
 18. }
(1,913 observations deleted)

Total estimation                           Number of obs = 786

--------------------------------------------------------------
             |      Total   Std. err.     [95% conf. interval]
-------------+------------------------------------------------
      weight |   58.16716   .4728515      57.23896    59.09536
--------------------------------------------------------------
(788 observations deleted)

Total estimation                           Number of obs = 767

--------------------------------------------------------------
             |      Total   Std. err.     [95% conf. interval]
-------------+------------------------------------------------
      weight |   56.86729   .4639577      55.95651    57.77807
--------------------------------------------------------------
(1,923 observations deleted)

Total estimation                           Number of obs = 766

--------------------------------------------------------------
             |      Total   Std. err.     [95% conf. interval]
-------------+------------------------------------------------
      weight |   56.14115   .4825268      55.19391    57.08838
--------------------------------------------------------------
(1,910 observations deleted)

Total estimation                           Number of obs = 765

--------------------------------------------------------------
             |      Total   Std. err.     [95% conf. interval]
-------------+------------------------------------------------
      weight |    56.2279   .4869671      55.27194    57.18385
--------------------------------------------------------------
(1,969 observations deleted)

Total estimation                           Number of obs = 796

--------------------------------------------------------------
             |      Total   Std. err.     [95% conf. interval]
-------------+------------------------------------------------
      weight |   59.52777   .4487904      58.64682    60.40872
--------------------------------------------------------------
(1,921 observations deleted)

Total estimation                           Number of obs = 749

--------------------------------------------------------------
             |      Total   Std. err.     [95% conf. interval]
-------------+------------------------------------------------
      weight |   55.11884   .4714489      54.19332    56.04436
--------------------------------------------------------------
(1,913 observations deleted)

Total estimation                            Number of obs = 45

--------------------------------------------------------------
             |      Total   Std. err.     [95% conf. interval]
-------------+------------------------------------------------
      weight |   3.311024   .1163925       3.07645    3.545598
--------------------------------------------------------------
(788 observations deleted)

Total estimation                            Number of obs = 51

--------------------------------------------------------------
             |      Total   Std. err.     [95% conf. interval]
-------------+------------------------------------------------
      weight |   3.582394   .1341899      3.312866    3.851922
--------------------------------------------------------------
(1,923 observations deleted)

Total estimation                            Number of obs = 57

--------------------------------------------------------------
             |      Total   Std. err.     [95% conf. interval]
-------------+------------------------------------------------
      weight |   4.314738   .1017688      4.110871    4.518606
--------------------------------------------------------------
(1,910 observations deleted)

Total estimation                            Number of obs = 48

--------------------------------------------------------------
             |      Total   Std. err.     [95% conf. interval]
-------------+------------------------------------------------
      weight |   3.589833    .109622      3.369302    3.810364
--------------------------------------------------------------
(1,969 observations deleted)

Total estimation                            Number of obs = 37

--------------------------------------------------------------
             |      Total   Std. err.     [95% conf. interval]
-------------+------------------------------------------------
      weight |    2.42998    .147544      2.130747    2.729213
--------------------------------------------------------------
(1,921 observations deleted)

Total estimation                            Number of obs = 41

--------------------------------------------------------------
             |      Total   Std. err.     [95% conf. interval]
-------------+------------------------------------------------
      weight |   3.003711   .1160473      2.769171    3.238251
--------------------------------------------------------------
(1,913 observations deleted)

Total estimation                            Number of obs = 64

--------------------------------------------------------------
             |      Total   Std. err.     [95% conf. interval]
-------------+------------------------------------------------
      weight |   4.672849    .131779       4.40951    4.936188
--------------------------------------------------------------
(788 observations deleted)

Total estimation                            Number of obs = 49

--------------------------------------------------------------
             |      Total   Std. err.     [95% conf. interval]
-------------+------------------------------------------------
      weight |   3.617093   .1188018      3.378226     3.85596
--------------------------------------------------------------
(1,923 observations deleted)

Total estimation                            Number of obs = 42

--------------------------------------------------------------
             |      Total   Std. err.     [95% conf. interval]
-------------+------------------------------------------------
      weight |   2.924402    .121858      2.678305    3.170499
--------------------------------------------------------------
(1,910 observations deleted)

Total estimation                            Number of obs = 42

--------------------------------------------------------------
             |      Total   Std. err.     [95% conf. interval]
-------------+------------------------------------------------
      weight |   2.820314   .1441734       2.52915    3.111478
--------------------------------------------------------------
(1,969 observations deleted)

Total estimation                            Number of obs = 56

--------------------------------------------------------------
             |      Total   Std. err.     [95% conf. interval]
-------------+------------------------------------------------
      weight |   4.079299   .1309099       3.81695    4.341648
--------------------------------------------------------------
(1,921 observations deleted)

Total estimation                            Number of obs = 46

--------------------------------------------------------------
             |      Total   Std. err.     [95% conf. interval]
-------------+------------------------------------------------
      weight |   3.410154   .0997779      3.209191    3.611117
--------------------------------------------------------------
(1,913 observations deleted)

Total estimation                            Number of obs = 33

--------------------------------------------------------------
             |      Total   Std. err.     [95% conf. interval]
-------------+------------------------------------------------
      weight |   2.271371   .1328533      2.000758    2.541984
--------------------------------------------------------------
(788 observations deleted)

Total estimation                            Number of obs = 47

--------------------------------------------------------------
             |      Total   Std. err.     [95% conf. interval]
-------------+------------------------------------------------
      weight |   3.128864   .1538829      2.819114    3.438614
--------------------------------------------------------------
(1,923 observations deleted)

Total estimation                            Number of obs = 45

--------------------------------------------------------------
             |      Total   Std. err.     [95% conf. interval]
-------------+------------------------------------------------
      weight |   3.462198   .0961895      3.268341    3.656055
--------------------------------------------------------------
(1,910 observations deleted)

Total estimation                            Number of obs = 52

--------------------------------------------------------------
             |      Total   Std. err.     [95% conf. interval]
-------------+------------------------------------------------
      weight |   3.804209   .1300452      3.543132    4.065286
--------------------------------------------------------------
(1,969 observations deleted)

Total estimation                            Number of obs = 51

--------------------------------------------------------------
             |      Total   Std. err.     [95% conf. interval]
-------------+------------------------------------------------
      weight |   3.687725   .1511856       3.38406     3.99139
--------------------------------------------------------------
(1,921 observations deleted)

Total estimation                            Number of obs = 47

--------------------------------------------------------------
             |      Total   Std. err.     [95% conf. interval]
-------------+------------------------------------------------
      weight |   3.463439   .1096374       3.24275    3.684128
--------------------------------------------------------------
(1,913 observations deleted)

Total estimation                            Number of obs = 37

--------------------------------------------------------------
             |      Total   Std. err.     [95% conf. interval]
-------------+------------------------------------------------
      weight |   2.784383   .0918809       2.59804    2.970726
--------------------------------------------------------------
(788 observations deleted)

Total estimation                            Number of obs = 58

--------------------------------------------------------------
             |      Total   Std. err.     [95% conf. interval]
-------------+------------------------------------------------
      weight |   4.376694   .1218164      4.132761    4.620627
--------------------------------------------------------------
(1,923 observations deleted)

Total estimation                            Number of obs = 52

--------------------------------------------------------------
             |      Total   Std. err.     [95% conf. interval]
-------------+------------------------------------------------
      weight |   3.791811   .1360975      3.518584    4.065038
--------------------------------------------------------------
(1,910 observations deleted)

Total estimation                            Number of obs = 50

--------------------------------------------------------------
             |      Total   Std. err.     [95% conf. interval]
-------------+------------------------------------------------
      weight |   3.550181    .133417       3.28207    3.818292
--------------------------------------------------------------
(1,969 observations deleted)

Total estimation                            Number of obs = 40

--------------------------------------------------------------
             |      Total   Std. err.     [95% conf. interval]
-------------+------------------------------------------------
      weight |   2.964056   .0999431      2.761902     3.16621
--------------------------------------------------------------
(1,921 observations deleted)

Total estimation                            Number of obs = 49

--------------------------------------------------------------
             |      Total   Std. err.     [95% conf. interval]
-------------+------------------------------------------------
      weight |   3.587356   .1260334      3.333949    3.840763
--------------------------------------------------------------
(1,913 observations deleted)

Total estimation                           Number of obs = 331

--------------------------------------------------------------
             |      Total   Std. err.     [95% conf. interval]
-------------+------------------------------------------------
      weight |   23.28743   .3567867      22.58557     23.9893
--------------------------------------------------------------
(788 observations deleted)

Total estimation                           Number of obs = 317

--------------------------------------------------------------
             |      Total   Std. err.     [95% conf. interval]
-------------+------------------------------------------------
      weight |   23.21432   .3229772      22.57886    23.84978
--------------------------------------------------------------
(1,923 observations deleted)

Total estimation                           Number of obs = 354

--------------------------------------------------------------
             |      Total   Std. err.     [95% conf. interval]
-------------+------------------------------------------------
      weight |   26.01976   .3137586      25.40269    26.63683
--------------------------------------------------------------
(1,910 observations deleted)

Total estimation                           Number of obs = 296

--------------------------------------------------------------
             |      Total   Std. err.     [95% conf. interval]
-------------+------------------------------------------------
      weight |   22.23292   .2666596      21.70812    22.75771
--------------------------------------------------------------
(1,969 observations deleted)

Total estimation                           Number of obs = 324

--------------------------------------------------------------
             |      Total   Std. err.     [95% conf. interval]
-------------+------------------------------------------------
      weight |   23.26141   .3345774      22.60318    23.91964
--------------------------------------------------------------
(1,921 observations deleted)

Total estimation                           Number of obs = 326

--------------------------------------------------------------
             |      Total   Std. err.     [95% conf. interval]
-------------+------------------------------------------------
      weight |   24.64927   .2847041      24.08917    25.20936
--------------------------------------------------------------

. 
. forvalues i=1/5 {
  2. local label`i': label imd `i'
  3. foreach x of local year {
  4. file write tablecontent ("01/04/`x'") _tab ("`label`i''") _tab
  5. use ./output/`x'_ckd_complete.dta, clear
  6. drop if ckd_group!=1
  7. total weight if imd==`i'
  8. local denom = r(table)[1,1]
  9. 
. foreach outcome of varlist hospital_days critical_care_days emergency_days op_appts neph_appts gp_interactions blood_pressure albuminuria creatinine icd1_days icd2_days icd3_days icd4_days icd5_days icd6_day
> s icd7_days icd8_days icd9_days icd10_days icd11_days icd12_days icd13_days icd14_days icd15_days icd16_days icd17_days icd18_days icd19_days icd20_days icd21_days icd22_days {
 10. qui su imd_`outcome'_ckd if imd==`i' 
 11. local `x'_`outcome' = (r(mean)/`denom')*100000
 12. local `x'_`outcome'_ef = exp(1.96 * sqrt(1 / ``x'_`outcome''))
 13. local `x'_`outcome'_ul = ``x'_`outcome'' * ``x'_`outcome'_ef'
 14. local `x'_`outcome'_ll = ``x'_`outcome'' / ``x'_`outcome'_ef'
 15. }
 16. 
. file write tablecontent %10.2f (``x'_hospital_days') _tab %10.2f (``x'_hospital_days_ll') _tab %10.2f (``x'_hospital_days_ul') _tab %10.2f (``x'_critical_care_days') _tab %10.2f (``x'_critical_care_days_ll')
>  _tab %10.2f (``x'_critical_care_days_ul') _tab %10.2f (``x'_emergency_days') _tab %10.2f (``x'_emergency_days_ll') _tab %10.2f (``x'_emergency_days_ul') _tab %10.2f (``x'_op_appts') _tab %10.2f (``x'_op_app
> ts_ll') _tab %10.2f (``x'_op_appts_ul') _tab %10.2f (``x'_neph_appts') _tab %10.2f (``x'_neph_appts_ll') _tab %10.2f (``x'_neph_appts_ul') _tab %10.2f (``x'_gp_interactions') _tab %10.2f (``x'_gp_interaction
> s_ll') _tab %10.2f (``x'_gp_interactions_ul') _tab %10.2f (``x'_blood_pressure') _tab %10.2f (``x'_blood_pressure_ll') _tab %10.2f (``x'_blood_pressure_ul') _tab %10.2f (``x'_albuminuria') _tab %10.2f (``x'_
> albuminuria_ll') _tab %10.2f (``x'_albuminuria_ul') _tab %10.2f (``x'_creatinine') _tab %10.2f (``x'_creatinine_ll') _tab %10.2f (``x'_creatinine_ul') _tab %10.2f (``x'_icd1_days') _tab %10.2f (``x'_icd2_day
> s') _tab %10.2f (``x'_icd3_days') _tab %10.2f (``x'_icd4_days') _tab %10.2f (``x'_icd5_days') _tab %10.2f (``x'_icd6_days') _tab %10.2f (``x'_icd7_days') _tab %10.2f (``x'_icd8_days') _tab %10.2f (``x'_icd9_
> days') _tab %10.2f (``x'_icd10_days') _tab %10.2f (``x'_icd11_days') _tab %10.2f (``x'_icd12_days') _tab %10.2f (``x'_icd13_days') _tab %10.2f (``x'_icd14_days') _tab %10.2f (``x'_icd15_days') _tab %10.2f (`
> `x'_icd16_days') _tab %10.2f (``x'_icd17_days') _tab %10.2f (``x'_icd18_days') _tab %10.2f (``x'_icd19_days') _tab %10.2f (``x'_icd20_days') _tab %10.2f (``x'_icd21_days') _tab %10.2f (``x'_icd22_days') _tab
>  %10.2f (``x'_icd1_days_ll') _tab %10.2f (``x'_icd2_days_ll') _tab %10.2f (``x'_icd3_days_ll') _tab %10.2f (``x'_icd4_days_ll') _tab %10.2f (``x'_icd5_days_ll') _tab %10.2f (``x'_icd6_days_ll') _tab %10.2f (
> ``x'_icd7_days_ll') _tab %10.2f (``x'_icd8_days_ll') _tab %10.2f (``x'_icd9_days_ll') _tab %10.2f (``x'_icd10_days_ll') _tab %10.2f (``x'_icd11_days_ll') _tab %10.2f (``x'_icd12_days_ll') _tab %10.2f (``x'_i
> cd13_days_ll') _tab %10.2f (``x'_icd14_days_ll') _tab %10.2f (``x'_icd15_days_ll') _tab %10.2f (``x'_icd16_days_ll') _tab %10.2f (``x'_icd17_days_ll') _tab %10.2f (``x'_icd18_days_ll') _tab %10.2f (``x'_icd1
> 9_days_ll') _tab %10.2f (``x'_icd20_days_ll') _tab %10.2f (``x'_icd21_days_ll') _tab %10.2f (``x'_icd22_days_ll') _tab %10.2f (``x'_icd1_days_ul') _tab %10.2f (``x'_icd2_days_ul') _tab %10.2f (``x'_icd3_days
> _ul') _tab %10.2f (``x'_icd4_days_ul') _tab %10.2f (``x'_icd5_days_ul') _tab %10.2f (``x'_icd6_days_ul') _tab %10.2f (``x'_icd7_days_ul') _tab %10.2f (``x'_icd8_days_ul') _tab %10.2f (``x'_icd9_days_ul') _ta
> b %10.2f (``x'_icd10_days_ul') _tab %10.2f (``x'_icd11_days_ul') _tab %10.2f (``x'_icd12_days_ul') _tab %10.2f (``x'_icd13_days_ul') _tab %10.2f (``x'_icd14_days_ul') _tab %10.2f (``x'_icd15_days_ul') _tab %
> 10.2f (``x'_icd16_days_ul') _tab %10.2f (``x'_icd17_days_ul') _tab %10.2f (``x'_icd18_days_ul') _tab %10.2f (``x'_icd19_days_ul') _tab %10.2f (``x'_icd20_days_ul') _tab %10.2f (``x'_icd21_days_ul') _tab %10.
> 2f (``x'_icd22_days_ul') _n
 17. }
 18. }
(1,913 observations deleted)

Total estimation                           Number of obs = 268

--------------------------------------------------------------
             |      Total   Std. err.     [95% conf. interval]
-------------+------------------------------------------------
      weight |   19.76576   .2832769      19.20802     20.3235
--------------------------------------------------------------
(788 observations deleted)

Total estimation                           Number of obs = 265

--------------------------------------------------------------
             |      Total   Std. err.     [95% conf. interval]
-------------+------------------------------------------------
      weight |   18.85374   .3152888      18.23294    19.47454
--------------------------------------------------------------
(1,923 observations deleted)

Total estimation                           Number of obs = 276

--------------------------------------------------------------
             |      Total   Std. err.     [95% conf. interval]
-------------+------------------------------------------------
      weight |   19.97765   .3040538      19.37908    20.57622
--------------------------------------------------------------
(1,910 observations deleted)

Total estimation                           Number of obs = 244

--------------------------------------------------------------
             |      Total   Std. err.     [95% conf. interval]
-------------+------------------------------------------------
      weight |    17.7955   .2710735      17.26155    18.32946
--------------------------------------------------------------
(1,969 observations deleted)

Total estimation                           Number of obs = 240

--------------------------------------------------------------
             |      Total   Std. err.     [95% conf. interval]
-------------+------------------------------------------------
      weight |   18.18336   .2248051       17.7405    18.62621
--------------------------------------------------------------
(1,921 observations deleted)

Total estimation                           Number of obs = 253

--------------------------------------------------------------
             |      Total   Std. err.     [95% conf. interval]
-------------+------------------------------------------------
      weight |   19.16229   .2293433      18.71062    19.61396
--------------------------------------------------------------
(1,913 observations deleted)

Total estimation                           Number of obs = 263

--------------------------------------------------------------
             |      Total   Std. err.     [95% conf. interval]
-------------+------------------------------------------------
      weight |   18.98881   .2853268      18.42698    19.55063
--------------------------------------------------------------
(788 observations deleted)

Total estimation                           Number of obs = 259

--------------------------------------------------------------
             |      Total   Std. err.     [95% conf. interval]
-------------+------------------------------------------------
      weight |   19.38782   .2601014      18.87563    19.90001
--------------------------------------------------------------
(1,923 observations deleted)

Total estimation                           Number of obs = 279

--------------------------------------------------------------
             |      Total   Std. err.     [95% conf. interval]
-------------+------------------------------------------------
      weight |   20.44109   .2884417      19.87328     21.0089
--------------------------------------------------------------
(1,910 observations deleted)

Total estimation                           Number of obs = 240

--------------------------------------------------------------
             |      Total   Std. err.     [95% conf. interval]
-------------+------------------------------------------------
      weight |   17.91323   .2568012      17.40735    18.41912
--------------------------------------------------------------
(1,969 observations deleted)

Total estimation                           Number of obs = 278

--------------------------------------------------------------
             |      Total   Std. err.     [95% conf. interval]
-------------+------------------------------------------------
      weight |   20.50554    .280438      19.95347     21.0576
--------------------------------------------------------------
(1,921 observations deleted)

Total estimation                           Number of obs = 269

--------------------------------------------------------------
             |      Total   Std. err.     [95% conf. interval]
-------------+------------------------------------------------
      weight |   20.26267    .260107      19.75055    20.77478
--------------------------------------------------------------
(1,913 observations deleted)

Total estimation                           Number of obs = 239

--------------------------------------------------------------
             |      Total   Std. err.     [95% conf. interval]
-------------+------------------------------------------------
      weight |   17.57369    .276161      17.02966    18.11772
--------------------------------------------------------------
(788 observations deleted)

Total estimation                           Number of obs = 261

--------------------------------------------------------------
             |      Total   Std. err.     [95% conf. interval]
-------------+------------------------------------------------
      weight |   19.65919   .2622973      19.14269    20.17569
--------------------------------------------------------------
(1,923 observations deleted)

Total estimation                           Number of obs = 264

--------------------------------------------------------------
             |      Total   Std. err.     [95% conf. interval]
-------------+------------------------------------------------
      weight |   19.58361   .2551389      19.08123    20.08598
--------------------------------------------------------------
(1,910 observations deleted)

Total estimation                           Number of obs = 271

--------------------------------------------------------------
             |      Total   Std. err.     [95% conf. interval]
-------------+------------------------------------------------
      weight |   19.76576   .3061748      19.16297    20.36856
--------------------------------------------------------------
(1,969 observations deleted)

Total estimation                           Number of obs = 272

--------------------------------------------------------------
             |      Total   Std. err.     [95% conf. interval]
-------------+------------------------------------------------
      weight |   20.06812   .2744052      19.52788    20.60835
--------------------------------------------------------------
(1,921 observations deleted)

Total estimation                           Number of obs = 242

--------------------------------------------------------------
             |      Total   Std. err.     [95% conf. interval]
-------------+------------------------------------------------
      weight |   18.01979   .2600584      17.50751    18.53206
--------------------------------------------------------------
(1,913 observations deleted)

Total estimation                           Number of obs = 277

--------------------------------------------------------------
             |      Total   Std. err.     [95% conf. interval]
-------------+------------------------------------------------
      weight |   20.05324   .3005156      19.46164    20.64483
--------------------------------------------------------------
(788 observations deleted)

Total estimation                           Number of obs = 238

--------------------------------------------------------------
             |      Total   Std. err.     [95% conf. interval]
-------------+------------------------------------------------
      weight |   17.27753   .2837492      16.71854    17.83652
--------------------------------------------------------------
(1,923 observations deleted)

Total estimation                           Number of obs = 265

--------------------------------------------------------------
             |      Total   Std. err.     [95% conf. interval]
-------------+------------------------------------------------
      weight |   19.72487   .2661998      19.20072    20.24901
--------------------------------------------------------------
(1,910 observations deleted)

Total estimation                           Number of obs = 261

--------------------------------------------------------------
             |      Total   Std. err.     [95% conf. interval]
-------------+------------------------------------------------
      weight |    19.3841   .2671471      18.85805    19.91014
--------------------------------------------------------------
(1,969 observations deleted)

Total estimation                           Number of obs = 250

--------------------------------------------------------------
             |      Total   Std. err.     [95% conf. interval]
-------------+------------------------------------------------
      weight |   18.06935   .2939975      17.49031    18.64839
--------------------------------------------------------------
(1,921 observations deleted)

Total estimation                           Number of obs = 249

--------------------------------------------------------------
             |      Total   Std. err.     [95% conf. interval]
-------------+------------------------------------------------
      weight |   18.24035   .2760992      17.69656    18.78415
--------------------------------------------------------------
(1,913 observations deleted)

Total estimation                           Number of obs = 249

--------------------------------------------------------------
             |      Total   Std. err.     [95% conf. interval]
-------------+------------------------------------------------
      weight |   18.11273   .2874372       17.5466    18.67886
--------------------------------------------------------------
(788 observations deleted)

Total estimation                           Number of obs = 266

--------------------------------------------------------------
             |      Total   Std. err.     [95% conf. interval]
-------------+------------------------------------------------
      weight |   19.60838   .2714551       19.0739    20.14287
--------------------------------------------------------------
(1,923 observations deleted)

Total estimation                           Number of obs = 232

--------------------------------------------------------------
             |      Total   Std. err.     [95% conf. interval]
-------------+------------------------------------------------
      weight |   16.92685   .2704487      16.39399    17.45971
--------------------------------------------------------------
(1,910 observations deleted)

Total estimation                           Number of obs = 237

--------------------------------------------------------------
             |      Total   Std. err.     [95% conf. interval]
-------------+------------------------------------------------
      weight |   17.36676   .2701198       16.8346    17.89891
--------------------------------------------------------------
(1,969 observations deleted)

Total estimation                           Number of obs = 264

--------------------------------------------------------------
             |      Total   Std. err.     [95% conf. interval]
-------------+------------------------------------------------
      weight |   19.12388   .3101133      18.51326     19.7345
--------------------------------------------------------------
(1,921 observations deleted)

Total estimation                           Number of obs = 245

--------------------------------------------------------------
             |      Total   Std. err.     [95% conf. interval]
-------------+------------------------------------------------
      weight |   17.54767   .2974658      16.96174     18.1336
--------------------------------------------------------------

. 
. 
. forvalues i=1/9 {
  2. local label`i': label region `i'
  3. foreach x of local year {
  4. file write tablecontent ("01/04/`x'") _tab ("`label`i''") _tab
  5. use ./output/`x'_ckd_complete.dta, clear
  6. drop if ckd_group!=1
  7. total weight if region==`i'
  8. local denom = r(table)[1,1]
  9. 
. foreach outcome of varlist hospital_days critical_care_days emergency_days op_appts neph_appts gp_interactions blood_pressure albuminuria creatinine icd1_days icd2_days icd3_days icd4_days icd5_days icd6_day
> s icd7_days icd8_days icd9_days icd10_days icd11_days icd12_days icd13_days icd14_days icd15_days icd16_days icd17_days icd18_days icd19_days icd20_days icd21_days icd22_days {
 10. qui su region_`outcome'_ckd if region==`i'
 11. local `x'_`outcome' = (r(mean)/`denom')*100000
 12. local `x'_`outcome'_ef = exp(1.96 * sqrt(1 / ``x'_`outcome''))
 13. local `x'_`outcome'_ul = ``x'_`outcome'' * ``x'_`outcome'_ef'
 14. local `x'_`outcome'_ll = ``x'_`outcome'' / ``x'_`outcome'_ef'
 15. }
 16. 
. file write tablecontent %10.2f (``x'_hospital_days') _tab %10.2f (``x'_hospital_days_ll') _tab %10.2f (``x'_hospital_days_ul') _tab %10.2f (``x'_critical_care_days') _tab %10.2f (``x'_critical_care_days_ll')
>  _tab %10.2f (``x'_critical_care_days_ul') _tab %10.2f (``x'_emergency_days') _tab %10.2f (``x'_emergency_days_ll') _tab %10.2f (``x'_emergency_days_ul') _tab %10.2f (``x'_op_appts') _tab %10.2f (``x'_op_app
> ts_ll') _tab %10.2f (``x'_op_appts_ul') _tab %10.2f (``x'_neph_appts') _tab %10.2f (``x'_neph_appts_ll') _tab %10.2f (``x'_neph_appts_ul') _tab %10.2f (``x'_gp_interactions') _tab %10.2f (``x'_gp_interaction
> s_ll') _tab %10.2f (``x'_gp_interactions_ul') _tab %10.2f (``x'_blood_pressure') _tab %10.2f (``x'_blood_pressure_ll') _tab %10.2f (``x'_blood_pressure_ul') _tab %10.2f (``x'_albuminuria') _tab %10.2f (``x'_
> albuminuria_ll') _tab %10.2f (``x'_albuminuria_ul') _tab %10.2f (``x'_creatinine') _tab %10.2f (``x'_creatinine_ll') _tab %10.2f (``x'_creatinine_ul') _tab %10.2f (``x'_icd1_days') _tab %10.2f (``x'_icd2_day
> s') _tab %10.2f (``x'_icd3_days') _tab %10.2f (``x'_icd4_days') _tab %10.2f (``x'_icd5_days') _tab %10.2f (``x'_icd6_days') _tab %10.2f (``x'_icd7_days') _tab %10.2f (``x'_icd8_days') _tab %10.2f (``x'_icd9_
> days') _tab %10.2f (``x'_icd10_days') _tab %10.2f (``x'_icd11_days') _tab %10.2f (``x'_icd12_days') _tab %10.2f (``x'_icd13_days') _tab %10.2f (``x'_icd14_days') _tab %10.2f (``x'_icd15_days') _tab %10.2f (`
> `x'_icd16_days') _tab %10.2f (``x'_icd17_days') _tab %10.2f (``x'_icd18_days') _tab %10.2f (``x'_icd19_days') _tab %10.2f (``x'_icd20_days') _tab %10.2f (``x'_icd21_days') _tab %10.2f (``x'_icd22_days') _tab
>  %10.2f (``x'_icd1_days_ll') _tab %10.2f (``x'_icd2_days_ll') _tab %10.2f (``x'_icd3_days_ll') _tab %10.2f (``x'_icd4_days_ll') _tab %10.2f (``x'_icd5_days_ll') _tab %10.2f (``x'_icd6_days_ll') _tab %10.2f (
> ``x'_icd7_days_ll') _tab %10.2f (``x'_icd8_days_ll') _tab %10.2f (``x'_icd9_days_ll') _tab %10.2f (``x'_icd10_days_ll') _tab %10.2f (``x'_icd11_days_ll') _tab %10.2f (``x'_icd12_days_ll') _tab %10.2f (``x'_i
> cd13_days_ll') _tab %10.2f (``x'_icd14_days_ll') _tab %10.2f (``x'_icd15_days_ll') _tab %10.2f (``x'_icd16_days_ll') _tab %10.2f (``x'_icd17_days_ll') _tab %10.2f (``x'_icd18_days_ll') _tab %10.2f (``x'_icd1
> 9_days_ll') _tab %10.2f (``x'_icd20_days_ll') _tab %10.2f (``x'_icd21_days_ll') _tab %10.2f (``x'_icd22_days_ll') _tab %10.2f (``x'_icd1_days_ul') _tab %10.2f (``x'_icd2_days_ul') _tab %10.2f (``x'_icd3_days
> _ul') _tab %10.2f (``x'_icd4_days_ul') _tab %10.2f (``x'_icd5_days_ul') _tab %10.2f (``x'_icd6_days_ul') _tab %10.2f (``x'_icd7_days_ul') _tab %10.2f (``x'_icd8_days_ul') _tab %10.2f (``x'_icd9_days_ul') _ta
> b %10.2f (``x'_icd10_days_ul') _tab %10.2f (``x'_icd11_days_ul') _tab %10.2f (``x'_icd12_days_ul') _tab %10.2f (``x'_icd13_days_ul') _tab %10.2f (``x'_icd14_days_ul') _tab %10.2f (``x'_icd15_days_ul') _tab %
> 10.2f (``x'_icd16_days_ul') _tab %10.2f (``x'_icd17_days_ul') _tab %10.2f (``x'_icd18_days_ul') _tab %10.2f (``x'_icd19_days_ul') _tab %10.2f (``x'_icd20_days_ul') _tab %10.2f (``x'_icd21_days_ul') _tab %10.
> 2f (``x'_icd22_days_ul') _n
 17. }
 18. }
(1,913 observations deleted)

Total estimation                           Number of obs = 119

--------------------------------------------------------------
             |      Total   Std. err.     [95% conf. interval]
-------------+------------------------------------------------
      weight |   8.805436   .1976291      8.414077    9.196796
--------------------------------------------------------------
(788 observations deleted)

Total estimation                           Number of obs = 127

--------------------------------------------------------------
             |      Total   Std. err.     [95% conf. interval]
-------------+------------------------------------------------
      weight |   9.417579   .1715589      9.078069    9.757089
--------------------------------------------------------------
(1,923 observations deleted)

Total estimation                           Number of obs = 148

--------------------------------------------------------------
             |      Total   Std. err.     [95% conf. interval]
-------------+------------------------------------------------
      weight |   11.15363   .1812852      10.79536    11.51189
--------------------------------------------------------------
(1,910 observations deleted)

Total estimation                           Number of obs = 136

--------------------------------------------------------------
             |      Total   Std. err.     [95% conf. interval]
-------------+------------------------------------------------
      weight |   10.01114   .2221899      9.571713    10.45056
--------------------------------------------------------------
(1,969 observations deleted)

Total estimation                           Number of obs = 132

--------------------------------------------------------------
             |      Total   Std. err.     [95% conf. interval]
-------------+------------------------------------------------
      weight |   9.541494    .220252      9.105783    9.977205
--------------------------------------------------------------
(1,921 observations deleted)

Total estimation                           Number of obs = 119

--------------------------------------------------------------
             |      Total   Std. err.     [95% conf. interval]
-------------+------------------------------------------------
      weight |   9.138769   .1411221      8.859309    9.418229
--------------------------------------------------------------
(1,913 observations deleted)

Total estimation                           Number of obs = 159

--------------------------------------------------------------
             |      Total   Std. err.     [95% conf. interval]
-------------+------------------------------------------------
      weight |   11.60345   .2166062      11.17563    12.03126
--------------------------------------------------------------
(788 observations deleted)

Total estimation                           Number of obs = 133

--------------------------------------------------------------
             |      Total   Std. err.     [95% conf. interval]
-------------+------------------------------------------------
      weight |   9.685235   .2006783      9.288274     10.0822
--------------------------------------------------------------
(1,923 observations deleted)

Total estimation                           Number of obs = 127

--------------------------------------------------------------
             |      Total   Std. err.     [95% conf. interval]
-------------+------------------------------------------------
      weight |    9.45723   .1741373      9.112618    9.801843
--------------------------------------------------------------
(1,910 observations deleted)

Total estimation                           Number of obs = 110

--------------------------------------------------------------
             |      Total   Std. err.     [95% conf. interval]
-------------+------------------------------------------------
      weight |   7.977676   .1762105      7.628433     8.32692
--------------------------------------------------------------
(1,969 observations deleted)

Total estimation                           Number of obs = 138

--------------------------------------------------------------
             |      Total   Std. err.     [95% conf. interval]
-------------+------------------------------------------------
      weight |   10.05698   .2056278      9.650364    10.46359
--------------------------------------------------------------
(1,921 observations deleted)

Total estimation                           Number of obs = 138

--------------------------------------------------------------
             |      Total   Std. err.     [95% conf. interval]
-------------+------------------------------------------------
      weight |   9.996262   .2209409      9.559367    10.43316
--------------------------------------------------------------
(1,913 observations deleted)

Total estimation                           Number of obs = 264

--------------------------------------------------------------
             |      Total   Std. err.     [95% conf. interval]
-------------+------------------------------------------------
      weight |    19.2007   .2862601      18.63704    19.76435
--------------------------------------------------------------
(788 observations deleted)

Total estimation                           Number of obs = 247

--------------------------------------------------------------
             |      Total   Std. err.     [95% conf. interval]
-------------+------------------------------------------------
      weight |   18.33702   .2633818      17.81825    18.85579
--------------------------------------------------------------
(1,923 observations deleted)

Total estimation                           Number of obs = 263

--------------------------------------------------------------
             |      Total   Std. err.     [95% conf. interval]
-------------+------------------------------------------------
      weight |   19.07927   .2857684      18.51657    19.64196
--------------------------------------------------------------
(1,910 observations deleted)

Total estimation                           Number of obs = 246

--------------------------------------------------------------
             |      Total   Std. err.     [95% conf. interval]
-------------+------------------------------------------------
      weight |   17.99005   .2701569      17.45793    18.52218
--------------------------------------------------------------
(1,969 observations deleted)

Total estimation                           Number of obs = 248

--------------------------------------------------------------
             |      Total   Std. err.     [95% conf. interval]
-------------+------------------------------------------------
      weight |   18.17592   .2707989      17.64255    18.70929
--------------------------------------------------------------
(1,921 observations deleted)

Total estimation                           Number of obs = 260

--------------------------------------------------------------
             |      Total   Std. err.     [95% conf. interval]
-------------+------------------------------------------------
      weight |   19.54395   .2399443      19.07146    20.01644
--------------------------------------------------------------
(1,913 observations deleted)

Total estimation                           Number of obs = 141

--------------------------------------------------------------
             |      Total   Std. err.     [95% conf. interval]
-------------+------------------------------------------------
      weight |   10.56751   .1971894      10.17766    10.95737
--------------------------------------------------------------
(788 observations deleted)

Total estimation                           Number of obs = 137

--------------------------------------------------------------
             |      Total   Std. err.     [95% conf. interval]
-------------+------------------------------------------------
      weight |   10.17594   .1817836      9.816451    10.53543
--------------------------------------------------------------
(1,923 observations deleted)

Total estimation                           Number of obs = 127

--------------------------------------------------------------
             |      Total   Std. err.     [95% conf. interval]
-------------+------------------------------------------------
      weight |   9.154876   .2092923      8.740693    9.569059
--------------------------------------------------------------
(1,910 observations deleted)

Total estimation                           Number of obs = 129

--------------------------------------------------------------
             |      Total   Std. err.     [95% conf. interval]
-------------+------------------------------------------------
      weight |   9.453513   .1852146      9.087034    9.819992
--------------------------------------------------------------
(1,969 observations deleted)

Total estimation                           Number of obs = 133

--------------------------------------------------------------
             |      Total   Std. err.     [95% conf. interval]
-------------+------------------------------------------------
      weight |   9.767019   .1997593      9.371875    10.16216
--------------------------------------------------------------
(1,921 observations deleted)

Total estimation                           Number of obs = 126

--------------------------------------------------------------
             |      Total   Std. err.     [95% conf. interval]
-------------+------------------------------------------------
      weight |    9.13753     .21063      8.720667    9.554393
--------------------------------------------------------------
(1,913 observations deleted)

Total estimation                           Number of obs = 110

--------------------------------------------------------------
             |      Total   Std. err.     [95% conf. interval]
-------------+------------------------------------------------
      weight |   8.167267   .1670407      7.836198    8.498336
--------------------------------------------------------------
(788 observations deleted)

Total estimation                           Number of obs = 131

--------------------------------------------------------------
             |      Total   Std. err.     [95% conf. interval]
-------------+------------------------------------------------
      weight |   10.04087   .1840842      9.676684    10.40506
--------------------------------------------------------------
(1,923 observations deleted)

Total estimation                           Number of obs = 132

--------------------------------------------------------------
             |      Total   Std. err.     [95% conf. interval]
-------------+------------------------------------------------
      weight |   9.747194   .2167347      9.318441    10.17595
--------------------------------------------------------------
(1,910 observations deleted)

Total estimation                           Number of obs = 115

--------------------------------------------------------------
             |      Total   Std. err.     [95% conf. interval]
-------------+------------------------------------------------
      weight |   8.825261   .1557745      8.516673    9.133849
--------------------------------------------------------------
(1,969 observations deleted)

Total estimation                           Number of obs = 133

--------------------------------------------------------------
             |      Total   Std. err.     [95% conf. interval]
-------------+------------------------------------------------
      weight |   9.662928   .2100842      9.247361     10.0785
--------------------------------------------------------------
(1,921 observations deleted)

Total estimation                           Number of obs = 124

--------------------------------------------------------------
             |      Total   Std. err.     [95% conf. interval]
-------------+------------------------------------------------
      weight |   9.257727   .1933467      8.875009    9.640445
--------------------------------------------------------------
(1,913 observations deleted)

Total estimation                           Number of obs = 133

--------------------------------------------------------------
             |      Total   Std. err.     [95% conf. interval]
-------------+------------------------------------------------
      weight |   9.563798   .2183285      9.131923    9.995673
--------------------------------------------------------------
(788 observations deleted)

Total estimation                           Number of obs = 119

--------------------------------------------------------------
             |      Total   Std. err.     [95% conf. interval]
-------------+------------------------------------------------
      weight |   8.330834   .2309347       7.87352    8.788148
--------------------------------------------------------------
(1,923 observations deleted)

Total estimation                           Number of obs = 136

--------------------------------------------------------------
             |      Total   Std. err.     [95% conf. interval]
-------------+------------------------------------------------
      weight |    10.1053   .1875736      9.734341    10.47627
--------------------------------------------------------------
(1,910 observations deleted)

Total estimation                           Number of obs = 129

--------------------------------------------------------------
             |      Total   Std. err.     [95% conf. interval]
-------------+------------------------------------------------
      weight |   9.489451   .2067564      9.080348    9.898554
--------------------------------------------------------------
(1,969 observations deleted)

Total estimation                           Number of obs = 139

--------------------------------------------------------------
             |      Total   Std. err.     [95% conf. interval]
-------------+------------------------------------------------
      weight |   10.61832   .1711343      10.27993     10.9567
--------------------------------------------------------------
(1,921 observations deleted)

Total estimation                           Number of obs = 112

--------------------------------------------------------------
             |      Total   Std. err.     [95% conf. interval]
-------------+------------------------------------------------
      weight |   8.213116   .1877456      7.841086    8.585147
--------------------------------------------------------------
(1,913 observations deleted)

Total estimation                           Number of obs = 118

--------------------------------------------------------------
             |      Total   Std. err.     [95% conf. interval]
-------------+------------------------------------------------
      weight |    8.23914   .2125001      7.818295    8.659985
--------------------------------------------------------------
(788 observations deleted)

Total estimation                           Number of obs = 140

--------------------------------------------------------------
             |      Total   Std. err.     [95% conf. interval]
-------------+------------------------------------------------
      weight |   10.18957    .212425      9.769563    10.60957
--------------------------------------------------------------
(1,923 observations deleted)

Total estimation                           Number of obs = 139

--------------------------------------------------------------
             |      Total   Std. err.     [95% conf. interval]
-------------+------------------------------------------------
      weight |   10.05698    .210763      9.640236    10.47372
--------------------------------------------------------------
(1,910 observations deleted)

Total estimation                           Number of obs = 124

--------------------------------------------------------------
             |      Total   Std. err.     [95% conf. interval]
-------------+------------------------------------------------
      weight |   9.028488   .2064771      8.619779    9.437197
--------------------------------------------------------------
(1,969 observations deleted)

Total estimation                           Number of obs = 123

--------------------------------------------------------------
             |      Total   Std. err.     [95% conf. interval]
-------------+------------------------------------------------
      weight |   8.980156   .1924538      8.599175    9.361138
--------------------------------------------------------------
(1,921 observations deleted)

Total estimation                           Number of obs = 123

--------------------------------------------------------------
             |      Total   Std. err.     [95% conf. interval]
-------------+------------------------------------------------
      weight |   9.053267   .1970731      8.663141    9.443393
--------------------------------------------------------------
(1,913 observations deleted)

Total estimation                           Number of obs = 127

--------------------------------------------------------------
             |      Total   Std. err.     [95% conf. interval]
-------------+------------------------------------------------
      weight |   9.188329   .2113598      8.770054    9.606604
--------------------------------------------------------------
(788 observations deleted)

Total estimation                           Number of obs = 138

--------------------------------------------------------------
             |      Total   Std. err.     [95% conf. interval]
-------------+------------------------------------------------
      weight |   10.13257   .2019281      9.733268    10.53187
--------------------------------------------------------------
(1,923 observations deleted)

Total estimation                           Number of obs = 150

--------------------------------------------------------------
             |      Total   Std. err.     [95% conf. interval]
-------------+------------------------------------------------
      weight |   10.86862   .2151945      10.44339    11.29385
--------------------------------------------------------------
(1,910 observations deleted)

Total estimation                           Number of obs = 141

--------------------------------------------------------------
             |      Total   Std. err.     [95% conf. interval]
-------------+------------------------------------------------
      weight |   10.22303   .2168503        9.7943    10.65175
--------------------------------------------------------------
(1,969 observations deleted)

Total estimation                           Number of obs = 120

--------------------------------------------------------------
             |      Total   Std. err.     [95% conf. interval]
-------------+------------------------------------------------
      weight |   8.743475   .1993267      8.348788    9.138162
--------------------------------------------------------------
(1,921 observations deleted)

Total estimation                           Number of obs = 131

--------------------------------------------------------------
             |      Total   Std. err.     [95% conf. interval]
-------------+------------------------------------------------
      weight |   9.845084   .1669804      9.514733    10.17543
--------------------------------------------------------------
(1,913 observations deleted)

Total estimation                           Number of obs = 125

--------------------------------------------------------------
             |      Total   Std. err.     [95% conf. interval]
-------------+------------------------------------------------
      weight |   9.158594   .1953822      8.771878     9.54531
--------------------------------------------------------------
(788 observations deleted)

Total estimation                           Number of obs = 117

--------------------------------------------------------------
             |      Total   Std. err.     [95% conf. interval]
-------------+------------------------------------------------
      weight |   8.477052   .2140489      8.053101    8.901003
--------------------------------------------------------------
(1,923 observations deleted)

Total estimation                            Number of obs = 94

--------------------------------------------------------------
             |      Total   Std. err.     [95% conf. interval]
-------------+------------------------------------------------
      weight |   7.030963   .1529639      6.727207    7.334719
--------------------------------------------------------------
(1,910 observations deleted)

Total estimation                           Number of obs = 123

--------------------------------------------------------------
             |      Total   Std. err.     [95% conf. interval]
-------------+------------------------------------------------
      weight |   9.226746   .1820005      8.866458    9.587034
--------------------------------------------------------------
(1,969 observations deleted)

Total estimation                           Number of obs = 138

--------------------------------------------------------------
             |      Total   Std. err.     [95% conf. interval]
-------------+------------------------------------------------
      weight |   10.40395   .1841916      10.03972    10.76818
--------------------------------------------------------------
(1,921 observations deleted)

Total estimation                           Number of obs = 125

--------------------------------------------------------------
             |      Total   Std. err.     [95% conf. interval]
-------------+------------------------------------------------
      weight |   9.047066   .2098898      8.631635    9.462497
--------------------------------------------------------------

. 
. 
. forvalues i=0/1 {
  2. local label`i': label urban `i'
  3. foreach x of local year {
  4. file write tablecontent ("01/04/`x'") _tab ("`label`i''") _tab
  5. use ./output/`x'_ckd_complete.dta, clear
  6. drop if ckd_group!=1
  7. total weight if urban==`i'
  8. local denom = r(table)[1,1]
  9. 
. foreach outcome of varlist hospital_days critical_care_days emergency_days op_appts neph_appts gp_interactions blood_pressure albuminuria creatinine  icd1_days icd2_days icd3_days icd4_days icd5_days icd6_da
> ys icd7_days icd8_days icd9_days icd10_days icd11_days icd12_days icd13_days icd14_days icd15_days icd16_days icd17_days icd18_days icd19_days icd20_days icd21_days icd22_days {
 10. qui su urban_`outcome'_ckd if urban==`i'
 11. local `x'_`outcome' = (r(mean)/`denom')*100000
 12. local `x'_`outcome'_ef = exp(1.96 * sqrt(1 / ``x'_`outcome''))
 13. local `x'_`outcome'_ul = ``x'_`outcome'' * ``x'_`outcome'_ef'
 14. local `x'_`outcome'_ll = ``x'_`outcome'' / ``x'_`outcome'_ef'
 15. }
 16. 
. file write tablecontent %10.2f (``x'_hospital_days') _tab %10.2f (``x'_hospital_days_ll') _tab %10.2f (``x'_hospital_days_ul') _tab %10.2f (``x'_critical_care_days') _tab %10.2f (``x'_critical_care_days_ll')
>  _tab %10.2f (``x'_critical_care_days_ul') _tab %10.2f (``x'_emergency_days') _tab %10.2f (``x'_emergency_days_ll') _tab %10.2f (``x'_emergency_days_ul') _tab %10.2f (``x'_op_appts') _tab %10.2f (``x'_op_app
> ts_ll') _tab %10.2f (``x'_op_appts_ul') _tab %10.2f (``x'_neph_appts') _tab %10.2f (``x'_neph_appts_ll') _tab %10.2f (``x'_neph_appts_ul') _tab %10.2f (``x'_gp_interactions') _tab %10.2f (``x'_gp_interaction
> s_ll') _tab %10.2f (``x'_gp_interactions_ul') _tab %10.2f (``x'_blood_pressure') _tab %10.2f (``x'_blood_pressure_ll') _tab %10.2f (``x'_blood_pressure_ul') _tab %10.2f (``x'_albuminuria') _tab %10.2f (``x'_
> albuminuria_ll') _tab %10.2f (``x'_albuminuria_ul') _tab %10.2f (``x'_creatinine') _tab %10.2f (``x'_creatinine_ll') _tab %10.2f (``x'_creatinine_ul') _tab %10.2f (``x'_icd1_days') _tab %10.2f (``x'_icd2_day
> s') _tab %10.2f (``x'_icd3_days') _tab %10.2f (``x'_icd4_days') _tab %10.2f (``x'_icd5_days') _tab %10.2f (``x'_icd6_days') _tab %10.2f (``x'_icd7_days') _tab %10.2f (``x'_icd8_days') _tab %10.2f (``x'_icd9_
> days') _tab %10.2f (``x'_icd10_days') _tab %10.2f (``x'_icd11_days') _tab %10.2f (``x'_icd12_days') _tab %10.2f (``x'_icd13_days') _tab %10.2f (``x'_icd14_days') _tab %10.2f (``x'_icd15_days') _tab %10.2f (`
> `x'_icd16_days') _tab %10.2f (``x'_icd17_days') _tab %10.2f (``x'_icd18_days') _tab %10.2f (``x'_icd19_days') _tab %10.2f (``x'_icd20_days') _tab %10.2f (``x'_icd21_days') _tab %10.2f (``x'_icd22_days') _tab
>  %10.2f (``x'_icd1_days_ll') _tab %10.2f (``x'_icd2_days_ll') _tab %10.2f (``x'_icd3_days_ll') _tab %10.2f (``x'_icd4_days_ll') _tab %10.2f (``x'_icd5_days_ll') _tab %10.2f (``x'_icd6_days_ll') _tab %10.2f (
> ``x'_icd7_days_ll') _tab %10.2f (``x'_icd8_days_ll') _tab %10.2f (``x'_icd9_days_ll') _tab %10.2f (``x'_icd10_days_ll') _tab %10.2f (``x'_icd11_days_ll') _tab %10.2f (``x'_icd12_days_ll') _tab %10.2f (``x'_i
> cd13_days_ll') _tab %10.2f (``x'_icd14_days_ll') _tab %10.2f (``x'_icd15_days_ll') _tab %10.2f (``x'_icd16_days_ll') _tab %10.2f (``x'_icd17_days_ll') _tab %10.2f (``x'_icd18_days_ll') _tab %10.2f (``x'_icd1
> 9_days_ll') _tab %10.2f (``x'_icd20_days_ll') _tab %10.2f (``x'_icd21_days_ll') _tab %10.2f (``x'_icd22_days_ll') _tab %10.2f (``x'_icd1_days_ul') _tab %10.2f (``x'_icd2_days_ul') _tab %10.2f (``x'_icd3_days
> _ul') _tab %10.2f (``x'_icd4_days_ul') _tab %10.2f (``x'_icd5_days_ul') _tab %10.2f (``x'_icd6_days_ul') _tab %10.2f (``x'_icd7_days_ul') _tab %10.2f (``x'_icd8_days_ul') _tab %10.2f (``x'_icd9_days_ul') _ta
> b %10.2f (``x'_icd10_days_ul') _tab %10.2f (``x'_icd11_days_ul') _tab %10.2f (``x'_icd12_days_ul') _tab %10.2f (``x'_icd13_days_ul') _tab %10.2f (``x'_icd14_days_ul') _tab %10.2f (``x'_icd15_days_ul') _tab %
> 10.2f (``x'_icd16_days_ul') _tab %10.2f (``x'_icd17_days_ul') _tab %10.2f (``x'_icd18_days_ul') _tab %10.2f (``x'_icd19_days_ul') _tab %10.2f (``x'_icd20_days_ul') _tab %10.2f (``x'_icd21_days_ul') _tab %10.
> 2f (``x'_icd22_days_ul') _n
 17. }
 18. }
(1,913 observations deleted)

Total estimation                           Number of obs = 792

--------------------------------------------------------------
             |      Total   Std. err.     [95% conf. interval]
-------------+------------------------------------------------
      weight |   57.62689   .5091229       56.6275    58.62628
--------------------------------------------------------------
(788 observations deleted)

Total estimation                           Number of obs = 765

--------------------------------------------------------------
             |      Total   Std. err.     [95% conf. interval]
-------------+------------------------------------------------
      weight |   56.26877   .4856154      55.31547    57.22207
--------------------------------------------------------------
(1,923 observations deleted)

Total estimation                           Number of obs = 745

--------------------------------------------------------------
             |      Total   Std. err.     [95% conf. interval]
-------------+------------------------------------------------
      weight |   54.47819   .4755343      53.54464    55.41174
--------------------------------------------------------------
(1,910 observations deleted)

Total estimation                           Number of obs = 779

--------------------------------------------------------------
             |      Total   Std. err.     [95% conf. interval]
-------------+------------------------------------------------
      weight |   57.18205   .4934011      56.21349     58.1506
--------------------------------------------------------------
(1,969 observations deleted)

Total estimation                           Number of obs = 787

--------------------------------------------------------------
             |      Total   Std. err.     [95% conf. interval]
-------------+------------------------------------------------
      weight |   58.34313   .4788459      57.40316     59.2831
--------------------------------------------------------------
(1,921 observations deleted)

Total estimation                           Number of obs = 758

--------------------------------------------------------------
             |      Total   Std. err.     [95% conf. interval]
-------------+------------------------------------------------
      weight |   55.91933   .4765198      54.98387    56.85479
--------------------------------------------------------------
(1,913 observations deleted)

Total estimation                           Number of obs = 504

--------------------------------------------------------------
             |      Total   Std. err.     [95% conf. interval]
-------------+------------------------------------------------
      weight |   36.86733   .3887619      36.10353    37.63113
--------------------------------------------------------------
(788 observations deleted)

Total estimation                           Number of obs = 524

--------------------------------------------------------------
             |      Total   Std. err.     [95% conf. interval]
-------------+------------------------------------------------
      weight |   38.51789   .3954075      37.74111    39.29467
--------------------------------------------------------------
(1,923 observations deleted)

Total estimation                           Number of obs = 571

--------------------------------------------------------------
             |      Total   Std. err.     [95% conf. interval]
-------------+------------------------------------------------
      weight |   42.17587    .397912      41.39431    42.95742
--------------------------------------------------------------
(1,910 observations deleted)

Total estimation                           Number of obs = 474

--------------------------------------------------------------
             |      Total   Std. err.     [95% conf. interval]
-------------+------------------------------------------------
      weight |   35.04331    .365645      34.32482    35.76179
--------------------------------------------------------------
(1,969 observations deleted)

Total estimation                           Number of obs = 517

--------------------------------------------------------------
             |      Total   Std. err.     [95% conf. interval]
-------------+------------------------------------------------
      weight |   37.60711   .3977902      36.82562     38.3886
--------------------------------------------------------------
(1,921 observations deleted)

Total estimation                           Number of obs = 500

--------------------------------------------------------------
             |      Total   Std. err.     [95% conf. interval]
-------------+------------------------------------------------
      weight |   37.31344   .3567286      36.61256    38.01431
--------------------------------------------------------------

. 
. file close tablecontent

. 
end of do-file

. cd ..
C:\Users\lsh1703468\Documents\repo

. cd ..
C:\Users\lsh1703468\Documents

. cd repos
C:\Users\lsh1703468\Documents\repos

. do "C:\Users\LSH170~1\AppData\Local\Temp\STD2120_000000.tmp"

. use ./output/analysis_complete_2020.dta, clear

. 
end of do-file

. do "C:\Users\LSH170~1\AppData\Local\Temp\STD2120_000000.tmp"

. gen follow_up_esrd = follow_up_time_esrd

. recode follow_up_esrd   min/29=1        ///
>                                                 30/89=2         ///
>                                                 90/179=3                        ///
>                                                 180/max=4 
(460 changes made to follow_up_esrd)

. 
end of do-file

. do "C:\Users\LSH170~1\AppData\Local\Temp\STD2120_000000.tmp"

. stset exit_date_esrd, fail(esrd_date) origin(index_date_esrd) id(unique) scale(365.25)

Survival-time data settings

           ID variable: unique
         Failure event: esrd_date!=0 & esrd_date<.
Observed time interval: (exit_date_esrd[_n-1], exit_date_esrd]
     Exit on or before: failure
     Time for analysis: (time-origin)/365.25
                Origin: time index_date_esrd

--------------------------------------------------------------------------
        461  total observations
          0  exclusions
--------------------------------------------------------------------------
        461  observations remaining, representing
        461  subjects
         45  failures in single-failure-per-subject data
    746.533  total analysis time at risk and under observation
                                                At risk from t =         0
                                     Earliest observed entry t =         0
                                          Last observed exit t =  2.907598

. 
end of do-file

. bysort follow_up_esrd tab ethnicity _d
: required
r(100);

. bysort follow_up_esrd: tab ethnicity _d

------------------------------------------------------------------------------------------------------------------------------------------------------------------------------------------------------------------------------------------------------------
-> follow_up_esrd = 1

            |  1 if failure; 0 if
            |       censored
  ethnicity |         0          1 |     Total
------------+----------------------+----------
      White |         9          2 |        11 
      Black |         1          0 |         1 
      Mixed |         1          0 |         1 
      Other |         2          0 |         2 
------------+----------------------+----------
      Total |        13          2 |        15 

------------------------------------------------------------------------------------------------------------------------------------------------------------------------------------------------------------------------------------------------------------
-> follow_up_esrd = 2

            |  1 if failure; 0 if
            |       censored
  ethnicity |         0          1 |     Total
------------+----------------------+----------
      White |         8          6 |        14 
      Black |         3          0 |         3 
      Other |         1          0 |         1 
------------+----------------------+----------
      Total |        12          6 |        18 

------------------------------------------------------------------------------------------------------------------------------------------------------------------------------------------------------------------------------------------------------------
-> follow_up_esrd = 3

            |  1 if failure; 0 if
            |       censored
  ethnicity |         0          1 |     Total
------------+----------------------+----------
      White |        21          5 |        26 
South Asian |         1          1 |         2 
      Black |         1          1 |         2 
      Mixed |         2          0 |         2 
------------+----------------------+----------
      Total |        25          7 |        32 

------------------------------------------------------------------------------------------------------------------------------------------------------------------------------------------------------------------------------------------------------------
-> follow_up_esrd = 4

            |  1 if failure; 0 if
            |       censored
  ethnicity |         0          1 |     Total
------------+----------------------+----------
      White |       301         27 |       328 
South Asian |        18          1 |        19 
      Black |        10          0 |        10 
      Mixed |        20          0 |        20 
      Other |        17          2 |        19 
------------+----------------------+----------
      Total |       366         30 |       396 


. do "C:\Users\LSH170~1\AppData\Local\Temp\STD2120_000000.tmp"

. sysdir set PLUS ./analysis/adofiles

. sysdir set PERSONAL ./analysis/adofiles

. pwd
C:\Users\lsh1703468\Documents\repos

. cap log close
